[2025-01-26T21:33:53.285+0530][gc,heap] Heap region size: 1M
[2025-01-26T21:33:53.292+0530][gc     ] Using G1
[2025-01-26T21:33:53.292+0530][gc,heap,coops] Heap address: 0x00000000c0000000, size: 1024 MB, Compressed Oops mode: 32-bit
[2025-01-26T21:33:53.293+0530][gc,cds       ] Mark closed archive regions in map: [0x00000000fff00000, 0x00000000fff6bff8]
[2025-01-26T21:33:53.293+0530][gc,cds       ] Mark open archive regions in map: [0x00000000ffe00000, 0x00000000ffe47ff8]
[2025-01-26T21:33:53.897+0530][gc,start     ] GC(0) Pause Young (Normal) (G1 Evacuation Pause)
[2025-01-26T21:33:53.898+0530][gc,task      ] GC(0) Using 10 workers of 10 for evacuation
[2025-01-26T21:33:53.903+0530][gc,phases    ] GC(0)   Pre Evacuate Collection Set: 0.0ms
[2025-01-26T21:33:53.903+0530][gc,phases    ] GC(0)   Evacuate Collection Set: 4.9ms
[2025-01-26T21:33:53.903+0530][gc,phases    ] GC(0)   Post Evacuate Collection Set: 0.5ms
[2025-01-26T21:33:53.903+0530][gc,phases    ] GC(0)   Other: 0.7ms
[2025-01-26T21:33:53.903+0530][gc,heap      ] GC(0) Eden regions: 51->0(44)
[2025-01-26T21:33:53.903+0530][gc,heap      ] GC(0) Survivor regions: 0->7(7)
[2025-01-26T21:33:53.903+0530][gc,heap      ] GC(0) Old regions: 2->2
[2025-01-26T21:33:53.903+0530][gc,heap      ] GC(0) Humongous regions: 0->0
[2025-01-26T21:33:53.903+0530][gc,metaspace ] GC(0) Metaspace: 15550K(16256K)->15550K(16256K) NonClass: 13595K(14080K)->13595K(14080K) Class: 1955K(2176K)->1955K(2176K)
[2025-01-26T21:33:53.904+0530][gc           ] GC(0) Pause Young (Normal) (G1 Evacuation Pause) 51M->7M(1024M) 6.221ms
[2025-01-26T21:33:53.904+0530][gc,cpu       ] GC(0) User=0.04s Sys=0.01s Real=0.01s
[2025-01-26T21:33:54.132+0530][gc,start     ] GC(1) Pause Young (Concurrent Start) (Metadata GC Threshold)
[2025-01-26T21:33:54.132+0530][gc,task      ] GC(1) Using 10 workers of 10 for evacuation
[2025-01-26T21:33:54.139+0530][gc,phases    ] GC(1)   Pre Evacuate Collection Set: 0.1ms
[2025-01-26T21:33:54.139+0530][gc,phases    ] GC(1)   Evacuate Collection Set: 6.0ms
[2025-01-26T21:33:54.139+0530][gc,phases    ] GC(1)   Post Evacuate Collection Set: 0.4ms
[2025-01-26T21:33:54.139+0530][gc,phases    ] GC(1)   Other: 0.3ms
[2025-01-26T21:33:54.139+0530][gc,heap      ] GC(1) Eden regions: 20->0(49)
[2025-01-26T21:33:54.139+0530][gc,heap      ] GC(1) Survivor regions: 7->2(7)
[2025-01-26T21:33:54.139+0530][gc,heap      ] GC(1) Old regions: 2->9
[2025-01-26T21:33:54.139+0530][gc,heap      ] GC(1) Humongous regions: 0->0
[2025-01-26T21:33:54.139+0530][gc,metaspace ] GC(1) Metaspace: 20501K(21296K)->20501K(21296K) NonClass: 17955K(18352K)->17955K(18352K) Class: 2545K(2944K)->2545K(2944K)
[2025-01-26T21:33:54.139+0530][gc           ] GC(1) Pause Young (Concurrent Start) (Metadata GC Threshold) 26M->8M(1024M) 6.899ms
[2025-01-26T21:33:54.139+0530][gc,cpu       ] GC(1) User=0.03s Sys=0.00s Real=0.01s
[2025-01-26T21:33:54.139+0530][gc           ] GC(2) Concurrent Cycle
[2025-01-26T21:33:54.139+0530][gc,marking   ] GC(2) Concurrent Clear Claimed Marks
[2025-01-26T21:33:54.139+0530][gc,marking   ] GC(2) Concurrent Clear Claimed Marks 0.048ms
[2025-01-26T21:33:54.139+0530][gc,marking   ] GC(2) Concurrent Scan Root Regions
[2025-01-26T21:33:54.140+0530][gc,marking   ] GC(2) Concurrent Scan Root Regions 0.763ms
[2025-01-26T21:33:54.140+0530][gc,marking   ] GC(2) Concurrent Mark (0.857s)
[2025-01-26T21:33:54.140+0530][gc,marking   ] GC(2) Concurrent Mark From Roots
[2025-01-26T21:33:54.140+0530][gc,task      ] GC(2) Using 3 workers of 3 for marking
[2025-01-26T21:33:54.142+0530][gc,marking   ] GC(2) Concurrent Mark From Roots 2.556ms
[2025-01-26T21:33:54.142+0530][gc,marking   ] GC(2) Concurrent Preclean
[2025-01-26T21:33:54.142+0530][gc,marking   ] GC(2) Concurrent Preclean 0.069ms
[2025-01-26T21:33:54.142+0530][gc,marking   ] GC(2) Concurrent Mark (0.857s, 0.860s) 2.653ms
[2025-01-26T21:33:54.143+0530][gc,start     ] GC(2) Pause Remark
[2025-01-26T21:33:54.144+0530][gc,stringtable] GC(2) Cleaned string and symbol table, strings: 5515 processed, 0 removed, symbols: 50595 processed, 42 removed
[2025-01-26T21:33:54.144+0530][gc            ] GC(2) Pause Remark 8M->8M(1024M) 1.214ms
[2025-01-26T21:33:54.144+0530][gc,cpu        ] GC(2) User=0.01s Sys=0.00s Real=0.00s
[2025-01-26T21:33:54.144+0530][gc,marking    ] GC(2) Concurrent Rebuild Remembered Sets
[2025-01-26T21:33:54.145+0530][gc,marking    ] GC(2) Concurrent Rebuild Remembered Sets 1.693ms
[2025-01-26T21:33:54.146+0530][gc,start      ] GC(2) Pause Cleanup
[2025-01-26T21:33:54.146+0530][gc            ] GC(2) Pause Cleanup 9M->9M(1024M) 0.113ms
[2025-01-26T21:33:54.146+0530][gc,cpu        ] GC(2) User=0.00s Sys=0.00s Real=0.00s
[2025-01-26T21:33:54.146+0530][gc,marking    ] GC(2) Concurrent Cleanup for Next Mark
[2025-01-26T21:33:54.149+0530][gc,marking    ] GC(2) Concurrent Cleanup for Next Mark 3.372ms
[2025-01-26T21:33:54.149+0530][gc            ] GC(2) Concurrent Cycle 10.171ms
[2025-01-26T21:33:55.092+0530][gc,start      ] GC(3) Pause Young (Normal) (G1 Evacuation Pause)
[2025-01-26T21:33:55.092+0530][gc,task       ] GC(3) Using 10 workers of 10 for evacuation
[2025-01-26T21:33:55.094+0530][gc,phases     ] GC(3)   Pre Evacuate Collection Set: 0.0ms
[2025-01-26T21:33:55.094+0530][gc,phases     ] GC(3)   Evacuate Collection Set: 1.9ms
[2025-01-26T21:33:55.094+0530][gc,phases     ] GC(3)   Post Evacuate Collection Set: 0.3ms
[2025-01-26T21:33:55.095+0530][gc,phases     ] GC(3)   Other: 0.1ms
[2025-01-26T21:33:55.095+0530][gc,heap       ] GC(3) Eden regions: 49->0(47)
[2025-01-26T21:33:55.095+0530][gc,heap       ] GC(3) Survivor regions: 2->4(7)
[2025-01-26T21:33:55.095+0530][gc,heap       ] GC(3) Old regions: 9->9
[2025-01-26T21:33:55.095+0530][gc,heap       ] GC(3) Humongous regions: 129->129
[2025-01-26T21:33:55.095+0530][gc,metaspace  ] GC(3) Metaspace: 28780K(30000K)->28780K(30000K) NonClass: 25343K(26032K)->25343K(26032K) Class: 3437K(3968K)->3437K(3968K)
[2025-01-26T21:33:55.095+0530][gc            ] GC(3) Pause Young (Normal) (G1 Evacuation Pause) 186M->139M(1024M) 2.375ms
[2025-01-26T21:33:55.095+0530][gc,cpu        ] GC(3) User=0.02s Sys=0.00s Real=0.00s
[2025-01-26T21:33:55.342+0530][gc,start      ] GC(4) Pause Young (Concurrent Start) (Metadata GC Threshold)
[2025-01-26T21:33:55.342+0530][gc,task       ] GC(4) Using 10 workers of 10 for evacuation
[2025-01-26T21:33:55.346+0530][gc,phases     ] GC(4)   Pre Evacuate Collection Set: 0.2ms
[2025-01-26T21:33:55.346+0530][gc,phases     ] GC(4)   Evacuate Collection Set: 3.2ms
[2025-01-26T21:33:55.346+0530][gc,phases     ] GC(4)   Post Evacuate Collection Set: 0.3ms
[2025-01-26T21:33:55.346+0530][gc,phases     ] GC(4)   Other: 0.3ms
[2025-01-26T21:33:55.346+0530][gc,heap       ] GC(4) Eden regions: 30->0(44)
[2025-01-26T21:33:55.347+0530][gc,heap       ] GC(4) Survivor regions: 4->7(7)
[2025-01-26T21:33:55.347+0530][gc,heap       ] GC(4) Old regions: 9->10
[2025-01-26T21:33:55.347+0530][gc,heap       ] GC(4) Humongous regions: 129->129
[2025-01-26T21:33:55.347+0530][gc,metaspace  ] GC(4) Metaspace: 34508K(35888K)->34508K(35888K) NonClass: 30389K(31152K)->30389K(31152K) Class: 4119K(4736K)->4119K(4736K)
[2025-01-26T21:33:55.347+0530][gc            ] GC(4) Pause Young (Concurrent Start) (Metadata GC Threshold) 169M->142M(1024M) 4.089ms
[2025-01-26T21:33:55.347+0530][gc,cpu        ] GC(4) User=0.03s Sys=0.00s Real=0.00s
[2025-01-26T21:33:55.347+0530][gc            ] GC(5) Concurrent Cycle
[2025-01-26T21:33:55.347+0530][gc,marking    ] GC(5) Concurrent Clear Claimed Marks
[2025-01-26T21:33:55.347+0530][gc,marking    ] GC(5) Concurrent Clear Claimed Marks 0.044ms
[2025-01-26T21:33:55.347+0530][gc,marking    ] GC(5) Concurrent Scan Root Regions
[2025-01-26T21:33:55.349+0530][gc,marking    ] GC(5) Concurrent Scan Root Regions 1.920ms
[2025-01-26T21:33:55.349+0530][gc,marking    ] GC(5) Concurrent Mark (2.066s)
[2025-01-26T21:33:55.349+0530][gc,marking    ] GC(5) Concurrent Mark From Roots
[2025-01-26T21:33:55.349+0530][gc,task       ] GC(5) Using 3 workers of 3 for marking
[2025-01-26T21:33:55.354+0530][gc,marking    ] GC(5) Concurrent Mark From Roots 4.901ms
[2025-01-26T21:33:55.354+0530][gc,marking    ] GC(5) Concurrent Preclean
[2025-01-26T21:33:55.354+0530][gc,marking    ] GC(5) Concurrent Preclean 0.163ms
[2025-01-26T21:33:55.354+0530][gc,marking    ] GC(5) Concurrent Mark (2.066s, 2.071s) 5.119ms
[2025-01-26T21:33:55.354+0530][gc,start      ] GC(5) Pause Remark
[2025-01-26T21:33:55.356+0530][gc,stringtable] GC(5) Cleaned string and symbol table, strings: 11410 processed, 12 removed, symbols: 81715 processed, 18 removed
[2025-01-26T21:33:55.357+0530][gc            ] GC(5) Pause Remark 143M->143M(1024M) 2.865ms
[2025-01-26T21:33:55.357+0530][gc,cpu        ] GC(5) User=0.02s Sys=0.00s Real=0.00s
[2025-01-26T21:33:55.357+0530][gc,marking    ] GC(5) Concurrent Rebuild Remembered Sets
[2025-01-26T21:33:55.359+0530][gc,marking    ] GC(5) Concurrent Rebuild Remembered Sets 2.105ms
[2025-01-26T21:33:55.359+0530][gc,start      ] GC(5) Pause Cleanup
[2025-01-26T21:33:55.359+0530][gc            ] GC(5) Pause Cleanup 144M->144M(1024M) 0.157ms
[2025-01-26T21:33:55.359+0530][gc,cpu        ] GC(5) User=0.00s Sys=0.00s Real=0.00s
[2025-01-26T21:33:55.359+0530][gc,marking    ] GC(5) Concurrent Cleanup for Next Mark
[2025-01-26T21:33:55.366+0530][gc,marking    ] GC(5) Concurrent Cleanup for Next Mark 7.272ms
[2025-01-26T21:33:55.366+0530][gc            ] GC(5) Concurrent Cycle 19.872ms
[2025-01-26T21:42:15.920+0530][gc,start      ] GC(6) Pause Young (Normal) (G1 Evacuation Pause)
[2025-01-26T21:42:15.920+0530][gc,task       ] GC(6) Using 10 workers of 10 for evacuation
[2025-01-26T21:42:15.924+0530][gc,phases     ] GC(6)   Pre Evacuate Collection Set: 0.0ms
[2025-01-26T21:42:15.924+0530][gc,phases     ] GC(6)   Evacuate Collection Set: 3.1ms
[2025-01-26T21:42:15.924+0530][gc,phases     ] GC(6)   Post Evacuate Collection Set: 0.5ms
[2025-01-26T21:42:15.924+0530][gc,phases     ] GC(6)   Other: 0.1ms
[2025-01-26T21:42:15.924+0530][gc,heap       ] GC(6) Eden regions: 44->0(46)
[2025-01-26T21:42:15.924+0530][gc,heap       ] GC(6) Survivor regions: 7->5(7)
[2025-01-26T21:42:15.924+0530][gc,heap       ] GC(6) Old regions: 10->13
[2025-01-26T21:42:15.924+0530][gc,heap       ] GC(6) Humongous regions: 141->129
[2025-01-26T21:42:15.924+0530][gc,metaspace  ] GC(6) Metaspace: 40668K(43292K)->40668K(43292K) NonClass: 35341K(36764K)->35341K(36764K) Class: 5327K(6528K)->5327K(6528K)
[2025-01-26T21:42:15.924+0530][gc            ] GC(6) Pause Young (Normal) (G1 Evacuation Pause) 198M->144M(1024M) 3.827ms
[2025-01-26T21:42:15.924+0530][gc,cpu        ] GC(6) User=0.03s Sys=0.00s Real=0.00s
