[2025-01-26T22:23:34.496+0530][gc,heap] Heap region size: 1M
[2025-01-26T22:23:34.503+0530][gc     ] Using G1
[2025-01-26T22:23:34.504+0530][gc,heap,coops] Heap address: 0x00000000c0000000, size: 1024 MB, Compressed Oops mode: 32-bit
[2025-01-26T22:23:34.504+0530][gc,cds       ] Mark closed archive regions in map: [0x00000000fff00000, 0x00000000fff6bff8]
[2025-01-26T22:23:34.504+0530][gc,cds       ] Mark open archive regions in map: [0x00000000ffe00000, 0x00000000ffe47ff8]
[2025-01-26T22:23:35.362+0530][gc,start     ] GC(0) Pause Young (Normal) (G1 Evacuation Pause)
[2025-01-26T22:23:35.363+0530][gc,task      ] GC(0) Using 10 workers of 10 for evacuation
[2025-01-26T22:23:35.368+0530][gc,phases    ] GC(0)   Pre Evacuate Collection Set: 0.0ms
[2025-01-26T22:23:35.368+0530][gc,phases    ] GC(0)   Evacuate Collection Set: 5.2ms
[2025-01-26T22:23:35.368+0530][gc,phases    ] GC(0)   Post Evacuate Collection Set: 0.4ms
[2025-01-26T22:23:35.368+0530][gc,phases    ] GC(0)   Other: 0.7ms
[2025-01-26T22:23:35.368+0530][gc,heap      ] GC(0) Eden regions: 51->0(44)
[2025-01-26T22:23:35.368+0530][gc,heap      ] GC(0) Survivor regions: 0->7(7)
[2025-01-26T22:23:35.368+0530][gc,heap      ] GC(0) Old regions: 2->2
[2025-01-26T22:23:35.368+0530][gc,heap      ] GC(0) Humongous regions: 0->0
[2025-01-26T22:23:35.368+0530][gc,metaspace ] GC(0) Metaspace: 15520K(16256K)->15520K(16256K) NonClass: 13567K(14080K)->13567K(14080K) Class: 1952K(2176K)->1952K(2176K)
[2025-01-26T22:23:35.368+0530][gc           ] GC(0) Pause Young (Normal) (G1 Evacuation Pause) 51M->7M(1024M) 6.380ms
[2025-01-26T22:23:35.368+0530][gc,cpu       ] GC(0) User=0.04s Sys=0.01s Real=0.01s
[2025-01-26T22:23:35.682+0530][gc,start     ] GC(1) Pause Young (Concurrent Start) (Metadata GC Threshold)
[2025-01-26T22:23:35.682+0530][gc,task      ] GC(1) Using 10 workers of 10 for evacuation
[2025-01-26T22:23:35.687+0530][gc,phases    ] GC(1)   Pre Evacuate Collection Set: 0.1ms
[2025-01-26T22:23:35.687+0530][gc,phases    ] GC(1)   Evacuate Collection Set: 5.1ms
[2025-01-26T22:23:35.687+0530][gc,phases    ] GC(1)   Post Evacuate Collection Set: 0.3ms
[2025-01-26T22:23:35.687+0530][gc,phases    ] GC(1)   Other: 0.2ms
[2025-01-26T22:23:35.687+0530][gc,heap      ] GC(1) Eden regions: 20->0(50)
[2025-01-26T22:23:35.687+0530][gc,heap      ] GC(1) Survivor regions: 7->1(7)
[2025-01-26T22:23:35.687+0530][gc,heap      ] GC(1) Old regions: 2->9
[2025-01-26T22:23:35.687+0530][gc,heap      ] GC(1) Humongous regions: 0->0
[2025-01-26T22:23:35.687+0530][gc,metaspace ] GC(1) Metaspace: 20437K(21296K)->20437K(21296K) NonClass: 17895K(18352K)->17895K(18352K) Class: 2542K(2944K)->2542K(2944K)
[2025-01-26T22:23:35.687+0530][gc           ] GC(1) Pause Young (Concurrent Start) (Metadata GC Threshold) 26M->8M(1024M) 5.609ms
[2025-01-26T22:23:35.687+0530][gc,cpu       ] GC(1) User=0.02s Sys=0.00s Real=0.00s
[2025-01-26T22:23:35.687+0530][gc           ] GC(2) Concurrent Cycle
[2025-01-26T22:23:35.687+0530][gc,marking   ] GC(2) Concurrent Clear Claimed Marks
[2025-01-26T22:23:35.688+0530][gc,marking   ] GC(2) Concurrent Clear Claimed Marks 0.012ms
[2025-01-26T22:23:35.688+0530][gc,marking   ] GC(2) Concurrent Scan Root Regions
[2025-01-26T22:23:35.688+0530][gc,marking   ] GC(2) Concurrent Scan Root Regions 0.583ms
[2025-01-26T22:23:35.688+0530][gc,marking   ] GC(2) Concurrent Mark (1.194s)
[2025-01-26T22:23:35.688+0530][gc,marking   ] GC(2) Concurrent Mark From Roots
[2025-01-26T22:23:35.688+0530][gc,task      ] GC(2) Using 3 workers of 3 for marking
[2025-01-26T22:23:35.692+0530][gc,marking   ] GC(2) Concurrent Mark From Roots 3.412ms
[2025-01-26T22:23:35.692+0530][gc,marking   ] GC(2) Concurrent Preclean
[2025-01-26T22:23:35.692+0530][gc,marking   ] GC(2) Concurrent Preclean 0.075ms
[2025-01-26T22:23:35.692+0530][gc,marking   ] GC(2) Concurrent Mark (1.194s, 1.197s) 3.514ms
[2025-01-26T22:23:35.692+0530][gc,start     ] GC(2) Pause Remark
[2025-01-26T22:23:35.693+0530][gc,stringtable] GC(2) Cleaned string and symbol table, strings: 5490 processed, 0 removed, symbols: 50487 processed, 39 removed
[2025-01-26T22:23:35.693+0530][gc            ] GC(2) Pause Remark 8M->8M(1024M) 1.567ms
[2025-01-26T22:23:35.693+0530][gc,cpu        ] GC(2) User=0.01s Sys=0.00s Real=0.00s
[2025-01-26T22:23:35.694+0530][gc,marking    ] GC(2) Concurrent Rebuild Remembered Sets
[2025-01-26T22:23:35.695+0530][gc,marking    ] GC(2) Concurrent Rebuild Remembered Sets 1.583ms
[2025-01-26T22:23:35.695+0530][gc,start      ] GC(2) Pause Cleanup
[2025-01-26T22:23:35.695+0530][gc            ] GC(2) Pause Cleanup 8M->8M(1024M) 0.101ms
[2025-01-26T22:23:35.695+0530][gc,cpu        ] GC(2) User=0.00s Sys=0.00s Real=0.00s
[2025-01-26T22:23:35.695+0530][gc,marking    ] GC(2) Concurrent Cleanup for Next Mark
[2025-01-26T22:23:35.697+0530][gc,marking    ] GC(2) Concurrent Cleanup for Next Mark 1.978ms
[2025-01-26T22:23:35.697+0530][gc            ] GC(2) Concurrent Cycle 9.816ms
[2025-01-26T22:23:36.917+0530][gc,start      ] GC(3) Pause Young (Normal) (G1 Evacuation Pause)
[2025-01-26T22:23:36.918+0530][gc,task       ] GC(3) Using 10 workers of 10 for evacuation
[2025-01-26T22:23:36.920+0530][gc,phases     ] GC(3)   Pre Evacuate Collection Set: 0.0ms
[2025-01-26T22:23:36.920+0530][gc,phases     ] GC(3)   Evacuate Collection Set: 1.8ms
[2025-01-26T22:23:36.920+0530][gc,phases     ] GC(3)   Post Evacuate Collection Set: 0.3ms
[2025-01-26T22:23:36.920+0530][gc,phases     ] GC(3)   Other: 0.1ms
[2025-01-26T22:23:36.920+0530][gc,heap       ] GC(3) Eden regions: 50->0(47)
[2025-01-26T22:23:36.920+0530][gc,heap       ] GC(3) Survivor regions: 1->4(7)
[2025-01-26T22:23:36.920+0530][gc,heap       ] GC(3) Old regions: 9->9
[2025-01-26T22:23:36.920+0530][gc,heap       ] GC(3) Humongous regions: 129->129
[2025-01-26T22:23:36.920+0530][gc,metaspace  ] GC(3) Metaspace: 28994K(30384K)->28994K(30384K) NonClass: 25530K(26288K)->25530K(26288K) Class: 3464K(4096K)->3464K(4096K)
[2025-01-26T22:23:36.920+0530][gc            ] GC(3) Pause Young (Normal) (G1 Evacuation Pause) 187M->139M(1024M) 2.201ms
[2025-01-26T22:23:36.920+0530][gc,cpu        ] GC(3) User=0.02s Sys=0.00s Real=0.01s
[2025-01-26T22:23:37.205+0530][gc,start      ] GC(4) Pause Young (Concurrent Start) (GCLocker Initiated GC)
[2025-01-26T22:23:37.205+0530][gc,task       ] GC(4) Using 10 workers of 10 for evacuation
[2025-01-26T22:23:37.209+0530][gc,phases     ] GC(4)   Pre Evacuate Collection Set: 0.1ms
[2025-01-26T22:23:37.209+0530][gc,phases     ] GC(4)   Evacuate Collection Set: 3.5ms
[2025-01-26T22:23:37.209+0530][gc,phases     ] GC(4)   Post Evacuate Collection Set: 0.3ms
[2025-01-26T22:23:37.209+0530][gc,phases     ] GC(4)   Other: 0.2ms
[2025-01-26T22:23:37.209+0530][gc,heap       ] GC(4) Eden regions: 29->0(44)
[2025-01-26T22:23:37.209+0530][gc,heap       ] GC(4) Survivor regions: 4->7(7)
[2025-01-26T22:23:37.209+0530][gc,heap       ] GC(4) Old regions: 9->10
[2025-01-26T22:23:37.209+0530][gc,heap       ] GC(4) Humongous regions: 129->129
[2025-01-26T22:23:37.209+0530][gc,metaspace  ] GC(4) Metaspace: 34531K(36144K)->34531K(36144K) NonClass: 30409K(31408K)->30409K(31408K) Class: 4122K(4736K)->4122K(4736K)
[2025-01-26T22:23:37.209+0530][gc            ] GC(4) Pause Young (Concurrent Start) (GCLocker Initiated GC) 168M->142M(1024M) 4.228ms
[2025-01-26T22:23:37.209+0530][gc,cpu        ] GC(4) User=0.04s Sys=0.00s Real=0.01s
[2025-01-26T22:23:37.209+0530][gc            ] GC(5) Concurrent Cycle
[2025-01-26T22:23:37.209+0530][gc,marking    ] GC(5) Concurrent Clear Claimed Marks
[2025-01-26T22:23:37.210+0530][gc,marking    ] GC(5) Concurrent Clear Claimed Marks 0.068ms
[2025-01-26T22:23:37.210+0530][gc,marking    ] GC(5) Concurrent Scan Root Regions
[2025-01-26T22:23:37.212+0530][gc,marking    ] GC(5) Concurrent Scan Root Regions 2.708ms
[2025-01-26T22:23:37.212+0530][gc,marking    ] GC(5) Concurrent Mark (2.718s)
[2025-01-26T22:23:37.212+0530][gc,marking    ] GC(5) Concurrent Mark From Roots
[2025-01-26T22:23:37.212+0530][gc,task       ] GC(5) Using 3 workers of 3 for marking
[2025-01-26T22:23:37.218+0530][gc,marking    ] GC(5) Concurrent Mark From Roots 5.377ms
[2025-01-26T22:23:37.218+0530][gc,marking    ] GC(5) Concurrent Preclean
[2025-01-26T22:23:37.218+0530][gc,marking    ] GC(5) Concurrent Preclean 0.135ms
[2025-01-26T22:23:37.218+0530][gc,marking    ] GC(5) Concurrent Mark (2.718s, 2.724s) 5.581ms
[2025-01-26T22:23:37.218+0530][gc,start      ] GC(5) Pause Remark
[2025-01-26T22:23:37.220+0530][gc,stringtable] GC(5) Cleaned string and symbol table, strings: 11409 processed, 12 removed, symbols: 81078 processed, 19 removed
[2025-01-26T22:23:37.220+0530][gc            ] GC(5) Pause Remark 143M->143M(1024M) 2.492ms
[2025-01-26T22:23:37.220+0530][gc,cpu        ] GC(5) User=0.02s Sys=0.00s Real=0.01s
[2025-01-26T22:23:37.221+0530][gc,marking    ] GC(5) Concurrent Rebuild Remembered Sets
[2025-01-26T22:23:37.222+0530][gc,marking    ] GC(5) Concurrent Rebuild Remembered Sets 1.838ms
[2025-01-26T22:23:37.222+0530][gc,start      ] GC(5) Pause Cleanup
[2025-01-26T22:23:37.223+0530][gc            ] GC(5) Pause Cleanup 144M->144M(1024M) 0.122ms
[2025-01-26T22:23:37.223+0530][gc,cpu        ] GC(5) User=0.00s Sys=0.00s Real=0.00s
[2025-01-26T22:23:37.223+0530][gc,marking    ] GC(5) Concurrent Cleanup for Next Mark
[2025-01-26T22:23:37.225+0530][gc,marking    ] GC(5) Concurrent Cleanup for Next Mark 2.231ms
[2025-01-26T22:23:37.225+0530][gc            ] GC(5) Concurrent Cycle 15.424ms
[2025-01-26T22:30:01.598+0530][gc,start      ] GC(6) Pause Young (Normal) (G1 Evacuation Pause)
[2025-01-26T22:30:01.598+0530][gc,task       ] GC(6) Using 10 workers of 10 for evacuation
[2025-01-26T22:30:01.605+0530][gc,phases     ] GC(6)   Pre Evacuate Collection Set: 0.1ms
[2025-01-26T22:30:01.605+0530][gc,phases     ] GC(6)   Evacuate Collection Set: 6.1ms
[2025-01-26T22:30:01.605+0530][gc,phases     ] GC(6)   Post Evacuate Collection Set: 0.5ms
[2025-01-26T22:30:01.605+0530][gc,phases     ] GC(6)   Other: 0.3ms
[2025-01-26T22:30:01.605+0530][gc,heap       ] GC(6) Eden regions: 44->0(45)
[2025-01-26T22:30:01.605+0530][gc,heap       ] GC(6) Survivor regions: 7->6(7)
[2025-01-26T22:30:01.605+0530][gc,heap       ] GC(6) Old regions: 10->13
[2025-01-26T22:30:01.605+0530][gc,heap       ] GC(6) Humongous regions: 141->129
[2025-01-26T22:30:01.605+0530][gc,metaspace  ] GC(6) Metaspace: 40980K(43548K)->40980K(43548K) NonClass: 35652K(37040K)->35652K(37040K) Class: 5327K(6508K)->5327K(6508K)
[2025-01-26T22:30:01.605+0530][gc            ] GC(6) Pause Young (Normal) (G1 Evacuation Pause) 198M->145M(1024M) 7.049ms
[2025-01-26T22:30:01.605+0530][gc,cpu        ] GC(6) User=0.05s Sys=0.01s Real=0.01s
[2025-01-26T22:43:22.043+0530][gc,start      ] GC(7) Pause Young (Normal) (G1 Evacuation Pause)
[2025-01-26T22:43:22.043+0530][gc,task       ] GC(7) Using 10 workers of 10 for evacuation
[2025-01-26T22:43:22.050+0530][gc,phases     ] GC(7)   Pre Evacuate Collection Set: 0.1ms
[2025-01-26T22:43:22.050+0530][gc,phases     ] GC(7)   Evacuate Collection Set: 7.0ms
[2025-01-26T22:43:22.050+0530][gc,phases     ] GC(7)   Post Evacuate Collection Set: 0.5ms
[2025-01-26T22:43:22.050+0530][gc,phases     ] GC(7)   Other: 0.3ms
[2025-01-26T22:43:22.050+0530][gc,heap       ] GC(7) Eden regions: 45->0(46)
[2025-01-26T22:43:22.050+0530][gc,heap       ] GC(7) Survivor regions: 6->5(7)
[2025-01-26T22:43:22.050+0530][gc,heap       ] GC(7) Old regions: 13->16
[2025-01-26T22:43:22.050+0530][gc,heap       ] GC(7) Humongous regions: 129->129
[2025-01-26T22:43:22.050+0530][gc,metaspace  ] GC(7) Metaspace: 42035K(44700K)->42035K(44700K) NonClass: 36665K(38064K)->36665K(38064K) Class: 5369K(6636K)->5369K(6636K)
[2025-01-26T22:43:22.051+0530][gc            ] GC(7) Pause Young (Normal) (G1 Evacuation Pause) 190M->147M(1024M) 7.826ms
[2025-01-26T22:43:22.051+0530][gc,cpu        ] GC(7) User=0.07s Sys=0.00s Real=0.01s
[2025-01-26T22:57:56.772+0530][gc,start      ] GC(8) Pause Young (Normal) (G1 Evacuation Pause)
[2025-01-26T22:57:56.772+0530][gc,task       ] GC(8) Using 10 workers of 10 for evacuation
[2025-01-26T22:57:56.778+0530][gc,phases     ] GC(8)   Pre Evacuate Collection Set: 0.1ms
[2025-01-26T22:57:56.778+0530][gc,phases     ] GC(8)   Evacuate Collection Set: 5.3ms
[2025-01-26T22:57:56.778+0530][gc,phases     ] GC(8)   Post Evacuate Collection Set: 0.4ms
[2025-01-26T22:57:56.778+0530][gc,phases     ] GC(8)   Other: 0.3ms
[2025-01-26T22:57:56.778+0530][gc,heap       ] GC(8) Eden regions: 46->0(48)
[2025-01-26T22:57:56.778+0530][gc,heap       ] GC(8) Survivor regions: 5->3(7)
[2025-01-26T22:57:56.778+0530][gc,heap       ] GC(8) Old regions: 16->18
[2025-01-26T22:57:56.778+0530][gc,heap       ] GC(8) Humongous regions: 129->129
[2025-01-26T22:57:56.778+0530][gc,metaspace  ] GC(8) Metaspace: 42252K(44956K)->42252K(44956K) NonClass: 36882K(38320K)->36882K(38320K) Class: 5369K(6636K)->5369K(6636K)
[2025-01-26T22:57:56.778+0530][gc            ] GC(8) Pause Young (Normal) (G1 Evacuation Pause) 193M->147M(1024M) 6.098ms
[2025-01-26T22:57:56.778+0530][gc,cpu        ] GC(8) User=0.06s Sys=0.00s Real=0.01s
[2025-01-26T23:14:06.607+0530][gc,start      ] GC(9) Pause Young (Normal) (G1 Evacuation Pause)
[2025-01-26T23:14:06.607+0530][gc,task       ] GC(9) Using 10 workers of 10 for evacuation
[2025-01-26T23:14:06.612+0530][gc,phases     ] GC(9)   Pre Evacuate Collection Set: 0.1ms
[2025-01-26T23:14:06.612+0530][gc,phases     ] GC(9)   Evacuate Collection Set: 3.9ms
[2025-01-26T23:14:06.612+0530][gc,phases     ] GC(9)   Post Evacuate Collection Set: 0.7ms
[2025-01-26T23:14:06.612+0530][gc,phases     ] GC(9)   Other: 0.3ms
[2025-01-26T23:14:06.612+0530][gc,heap       ] GC(9) Eden regions: 48->0(48)
[2025-01-26T23:14:06.612+0530][gc,heap       ] GC(9) Survivor regions: 3->3(7)
[2025-01-26T23:14:06.612+0530][gc,heap       ] GC(9) Old regions: 18->18
[2025-01-26T23:14:06.612+0530][gc,heap       ] GC(9) Humongous regions: 129->129
[2025-01-26T23:14:06.612+0530][gc,metaspace  ] GC(9) Metaspace: 42644K(45468K)->42644K(45468K) NonClass: 37274K(38832K)->37274K(38832K) Class: 5369K(6636K)->5369K(6636K)
[2025-01-26T23:14:06.612+0530][gc            ] GC(9) Pause Young (Normal) (G1 Evacuation Pause) 195M->147M(1024M) 5.025ms
[2025-01-26T23:14:06.612+0530][gc,cpu        ] GC(9) User=0.04s Sys=0.00s Real=0.01s
[2025-01-26T23:25:11.139+0530][gc,heap,exit  ] Heap
[2025-01-26T23:25:11.139+0530][gc,heap,exit  ]  garbage-first heap   total 1048576K, used 193893K [0x00000000c0000000, 0x0000000100000000)
[2025-01-26T23:25:11.139+0530][gc,heap,exit  ]   region size 1024K, 47 young (48128K), 3 survivors (3072K)
[2025-01-26T23:25:11.139+0530][gc,heap,exit  ]  Metaspace       used 43551K, capacity 46325K, committed 46620K, reserved 1089536K
[2025-01-26T23:25:11.139+0530][gc,heap,exit  ]   class space    used 5612K, capacity 6899K, committed 7020K, reserved 1048576K
