[2025-01-26T23:54:59.683+0530][gc,heap] Heap region size: 1M
[2025-01-26T23:54:59.689+0530][gc     ] Using G1
[2025-01-26T23:54:59.689+0530][gc,heap,coops] Heap address: 0x00000000e0000000, size: 512 MB, Compressed Oops mode: 32-bit
[2025-01-26T23:54:59.689+0530][gc,cds       ] Mark closed archive regions in map: [0x00000000fff00000, 0x00000000fff6bff8]
[2025-01-26T23:54:59.689+0530][gc,cds       ] Mark open archive regions in map: [0x00000000ffe00000, 0x00000000ffe47ff8]
[2025-01-26T23:55:24.493+0530][gc,start     ] GC(0) Pause Young (Normal) (G1 Evacuation Pause)
[2025-01-26T23:55:24.494+0530][gc,task      ] GC(0) Using 10 workers of 10 for evacuation
[2025-01-26T23:55:24.499+0530][gc,phases    ] GC(0)   Pre Evacuate Collection Set: 0.0ms
[2025-01-26T23:55:24.499+0530][gc,phases    ] GC(0)   Evacuate Collection Set: 4.8ms
[2025-01-26T23:55:24.499+0530][gc,phases    ] GC(0)   Post Evacuate Collection Set: 0.5ms
[2025-01-26T23:55:24.499+0530][gc,phases    ] GC(0)   Other: 0.8ms
[2025-01-26T23:55:24.499+0530][gc,heap      ] GC(0) Eden regions: 25->0(21)
[2025-01-26T23:55:24.499+0530][gc,heap      ] GC(0) Survivor regions: 0->4(4)
[2025-01-26T23:55:24.499+0530][gc,heap      ] GC(0) Old regions: 2->4
[2025-01-26T23:55:24.499+0530][gc,heap      ] GC(0) Humongous regions: 0->0
[2025-01-26T23:55:24.499+0530][gc,metaspace ] GC(0) Metaspace: 7641K(8192K)->7641K(8192K) NonClass: 6776K(7168K)->6776K(7168K) Class: 864K(1024K)->864K(1024K)
[2025-01-26T23:55:24.499+0530][gc           ] GC(0) Pause Young (Normal) (G1 Evacuation Pause) 25M->6M(512M) 6.205ms
[2025-01-26T23:55:24.499+0530][gc,cpu       ] GC(0) User=0.04s Sys=0.00s Real=0.01s
[2025-01-26T23:55:24.502+0530][gc,heap,exit ] Heap
[2025-01-26T23:55:24.502+0530][gc,heap,exit ]  garbage-first heap   total 524288K, used 6500K [0x00000000e0000000, 0x0000000100000000)
[2025-01-26T23:55:24.502+0530][gc,heap,exit ]   region size 1024K, 5 young (5120K), 4 survivors (4096K)
[2025-01-26T23:55:24.502+0530][gc,heap,exit ]  Metaspace       used 7643K, capacity 7917K, committed 8192K, reserved 1056768K
[2025-01-26T23:55:24.502+0530][gc,heap,exit ]   class space    used 864K, capacity 982K, committed 1024K, reserved 1048576K
