[2025-02-03T00:32:32.372+0530][gc,heap] Heap region size: 1M
[2025-02-03T00:32:32.380+0530][gc     ] Using G1
[2025-02-03T00:32:32.380+0530][gc,heap,coops] Heap address: 0x00000000c0000000, size: 1024 MB, Compressed Oops mode: 32-bit
[2025-02-03T00:32:32.380+0530][gc,cds       ] Mark closed archive regions in map: [0x00000000fff00000, 0x00000000fff6bff8]
[2025-02-03T00:32:32.380+0530][gc,cds       ] Mark open archive regions in map: [0x00000000ffe00000, 0x00000000ffe47ff8]
[2025-02-03T00:32:32.973+0530][gc,start     ] GC(0) Pause Young (Normal) (G1 Evacuation Pause)
[2025-02-03T00:32:32.973+0530][gc,task      ] GC(0) Using 10 workers of 10 for evacuation
[2025-02-03T00:32:32.980+0530][gc,phases    ] GC(0)   Pre Evacuate Collection Set: 0.0ms
[2025-02-03T00:32:32.980+0530][gc,phases    ] GC(0)   Evacuate Collection Set: 5.3ms
[2025-02-03T00:32:32.980+0530][gc,phases    ] GC(0)   Post Evacuate Collection Set: 0.6ms
[2025-02-03T00:32:32.980+0530][gc,phases    ] GC(0)   Other: 0.6ms
[2025-02-03T00:32:32.980+0530][gc,heap      ] GC(0) Eden regions: 51->0(44)
[2025-02-03T00:32:32.980+0530][gc,heap      ] GC(0) Survivor regions: 0->7(7)
[2025-02-03T00:32:32.980+0530][gc,heap      ] GC(0) Old regions: 2->2
[2025-02-03T00:32:32.980+0530][gc,heap      ] GC(0) Humongous regions: 0->0
[2025-02-03T00:32:32.980+0530][gc,metaspace ] GC(0) Metaspace: 15522K(16256K)->15522K(16256K) NonClass: 13570K(14080K)->13570K(14080K) Class: 1951K(2176K)->1951K(2176K)
[2025-02-03T00:32:32.980+0530][gc           ] GC(0) Pause Young (Normal) (G1 Evacuation Pause) 51M->7M(1024M) 6.611ms
[2025-02-03T00:32:32.980+0530][gc,cpu       ] GC(0) User=0.05s Sys=0.01s Real=0.01s
[2025-02-03T00:32:33.375+0530][gc,start     ] GC(1) Pause Young (Concurrent Start) (Metadata GC Threshold)
[2025-02-03T00:32:33.375+0530][gc,task      ] GC(1) Using 10 workers of 10 for evacuation
[2025-02-03T00:32:33.383+0530][gc,phases    ] GC(1)   Pre Evacuate Collection Set: 0.1ms
[2025-02-03T00:32:33.383+0530][gc,phases    ] GC(1)   Evacuate Collection Set: 7.0ms
[2025-02-03T00:32:33.383+0530][gc,phases    ] GC(1)   Post Evacuate Collection Set: 0.3ms
[2025-02-03T00:32:33.383+0530][gc,phases    ] GC(1)   Other: 0.2ms
[2025-02-03T00:32:33.383+0530][gc,heap      ] GC(1) Eden regions: 20->0(49)
[2025-02-03T00:32:33.383+0530][gc,heap      ] GC(1) Survivor regions: 7->2(7)
[2025-02-03T00:32:33.383+0530][gc,heap      ] GC(1) Old regions: 2->9
[2025-02-03T00:32:33.383+0530][gc,heap      ] GC(1) Humongous regions: 0->0
[2025-02-03T00:32:33.383+0530][gc,metaspace ] GC(1) Metaspace: 20425K(21296K)->20425K(21296K) NonClass: 17884K(18352K)->17884K(18352K) Class: 2540K(2944K)->2540K(2944K)
[2025-02-03T00:32:33.383+0530][gc           ] GC(1) Pause Young (Concurrent Start) (Metadata GC Threshold) 26M->8M(1024M) 7.669ms
[2025-02-03T00:32:33.383+0530][gc,cpu       ] GC(1) User=0.02s Sys=0.00s Real=0.01s
[2025-02-03T00:32:33.383+0530][gc           ] GC(2) Concurrent Cycle
[2025-02-03T00:32:33.383+0530][gc,marking   ] GC(2) Concurrent Clear Claimed Marks
[2025-02-03T00:32:33.383+0530][gc,marking   ] GC(2) Concurrent Clear Claimed Marks 0.033ms
[2025-02-03T00:32:33.383+0530][gc,marking   ] GC(2) Concurrent Scan Root Regions
[2025-02-03T00:32:33.384+0530][gc,marking   ] GC(2) Concurrent Scan Root Regions 0.814ms
[2025-02-03T00:32:33.384+0530][gc,marking   ] GC(2) Concurrent Mark (1.014s)
[2025-02-03T00:32:33.384+0530][gc,marking   ] GC(2) Concurrent Mark From Roots
[2025-02-03T00:32:33.384+0530][gc,task      ] GC(2) Using 3 workers of 3 for marking
[2025-02-03T00:32:33.387+0530][gc,marking   ] GC(2) Concurrent Mark From Roots 3.182ms
[2025-02-03T00:32:33.387+0530][gc,marking   ] GC(2) Concurrent Preclean
[2025-02-03T00:32:33.387+0530][gc,marking   ] GC(2) Concurrent Preclean 0.068ms
[2025-02-03T00:32:33.387+0530][gc,marking   ] GC(2) Concurrent Mark (1.014s, 1.017s) 3.279ms
[2025-02-03T00:32:33.387+0530][gc,start     ] GC(2) Pause Remark
[2025-02-03T00:32:33.388+0530][gc,stringtable] GC(2) Cleaned string and symbol table, strings: 5488 processed, 0 removed, symbols: 50228 processed, 40 removed
[2025-02-03T00:32:33.389+0530][gc            ] GC(2) Pause Remark 8M->8M(1024M) 1.318ms
[2025-02-03T00:32:33.389+0530][gc,cpu        ] GC(2) User=0.01s Sys=0.00s Real=0.00s
[2025-02-03T00:32:33.389+0530][gc,marking    ] GC(2) Concurrent Rebuild Remembered Sets
[2025-02-03T00:32:33.390+0530][gc,marking    ] GC(2) Concurrent Rebuild Remembered Sets 1.671ms
[2025-02-03T00:32:33.391+0530][gc,start      ] GC(2) Pause Cleanup
[2025-02-03T00:32:33.391+0530][gc            ] GC(2) Pause Cleanup 9M->9M(1024M) 0.180ms
[2025-02-03T00:32:33.391+0530][gc,cpu        ] GC(2) User=0.00s Sys=0.00s Real=0.00s
[2025-02-03T00:32:33.391+0530][gc,marking    ] GC(2) Concurrent Cleanup for Next Mark
[2025-02-03T00:32:33.393+0530][gc,marking    ] GC(2) Concurrent Cleanup for Next Mark 1.973ms
[2025-02-03T00:32:33.393+0530][gc            ] GC(2) Concurrent Cycle 9.697ms
[2025-02-03T00:32:34.361+0530][gc,start      ] GC(3) Pause Young (Normal) (G1 Evacuation Pause)
[2025-02-03T00:32:34.361+0530][gc,task       ] GC(3) Using 10 workers of 10 for evacuation
[2025-02-03T00:32:34.364+0530][gc,phases     ] GC(3)   Pre Evacuate Collection Set: 0.1ms
[2025-02-03T00:32:34.364+0530][gc,phases     ] GC(3)   Evacuate Collection Set: 2.4ms
[2025-02-03T00:32:34.364+0530][gc,phases     ] GC(3)   Post Evacuate Collection Set: 0.3ms
[2025-02-03T00:32:34.364+0530][gc,phases     ] GC(3)   Other: 0.1ms
[2025-02-03T00:32:34.364+0530][gc,heap       ] GC(3) Eden regions: 49->0(47)
[2025-02-03T00:32:34.364+0530][gc,heap       ] GC(3) Survivor regions: 2->4(7)
[2025-02-03T00:32:34.364+0530][gc,heap       ] GC(3) Old regions: 9->9
[2025-02-03T00:32:34.364+0530][gc,heap       ] GC(3) Humongous regions: 129->129
[2025-02-03T00:32:34.364+0530][gc,metaspace  ] GC(3) Metaspace: 28797K(30000K)->28797K(30000K) NonClass: 25366K(26032K)->25366K(26032K) Class: 3431K(3968K)->3431K(3968K)
[2025-02-03T00:32:34.365+0530][gc            ] GC(3) Pause Young (Normal) (G1 Evacuation Pause) 186M->140M(1024M) 3.046ms
[2025-02-03T00:32:34.365+0530][gc,cpu        ] GC(3) User=0.03s Sys=0.00s Real=0.00s
[2025-02-03T00:32:37.425+0530][gc,heap,exit  ] Heap
[2025-02-03T00:32:37.425+0530][gc,heap,exit  ]  garbage-first heap   total 1048576K, used 153631K [0x00000000c0000000, 0x0000000100000000)
[2025-02-03T00:32:37.425+0530][gc,heap,exit  ]   region size 1024K, 15 young (15360K), 4 survivors (4096K)
[2025-02-03T00:32:37.425+0530][gc,heap,exit  ]  Metaspace       used 29722K, capacity 30983K, committed 31280K, reserved 1077248K
[2025-02-03T00:32:37.425+0530][gc,heap,exit  ]   class space    used 3623K, capacity 4167K, committed 4224K, reserved 1048576K
