[2025-02-03T00:33:28.914+0530][gc,heap] Heap region size: 1M
[2025-02-03T00:33:28.922+0530][gc     ] Using G1
[2025-02-03T00:33:28.922+0530][gc,heap,coops] Heap address: 0x00000000c0000000, size: 1024 MB, Compressed Oops mode: 32-bit
[2025-02-03T00:33:28.922+0530][gc,cds       ] Mark closed archive regions in map: [0x00000000fff00000, 0x00000000fff6bff8]
[2025-02-03T00:33:28.922+0530][gc,cds       ] Mark open archive regions in map: [0x00000000ffe00000, 0x00000000ffe47ff8]
[2025-02-03T00:33:29.538+0530][gc,start     ] GC(0) Pause Young (Normal) (G1 Evacuation Pause)
[2025-02-03T00:33:29.538+0530][gc,task      ] GC(0) Using 10 workers of 10 for evacuation
[2025-02-03T00:33:29.543+0530][gc,phases    ] GC(0)   Pre Evacuate Collection Set: 0.0ms
[2025-02-03T00:33:29.543+0530][gc,phases    ] GC(0)   Evacuate Collection Set: 4.0ms
[2025-02-03T00:33:29.543+0530][gc,phases    ] GC(0)   Post Evacuate Collection Set: 0.4ms
[2025-02-03T00:33:29.543+0530][gc,phases    ] GC(0)   Other: 0.7ms
[2025-02-03T00:33:29.543+0530][gc,heap      ] GC(0) Eden regions: 51->0(44)
[2025-02-03T00:33:29.543+0530][gc,heap      ] GC(0) Survivor regions: 0->7(7)
[2025-02-03T00:33:29.543+0530][gc,heap      ] GC(0) Old regions: 2->2
[2025-02-03T00:33:29.543+0530][gc,heap      ] GC(0) Humongous regions: 0->0
[2025-02-03T00:33:29.543+0530][gc,metaspace ] GC(0) Metaspace: 15529K(16256K)->15529K(16256K) NonClass: 13578K(14080K)->13578K(14080K) Class: 1951K(2176K)->1951K(2176K)
[2025-02-03T00:33:29.543+0530][gc           ] GC(0) Pause Young (Normal) (G1 Evacuation Pause) 51M->7M(1024M) 5.190ms
[2025-02-03T00:33:29.543+0530][gc,cpu       ] GC(0) User=0.04s Sys=0.00s Real=0.00s
[2025-02-03T00:33:29.754+0530][gc,start     ] GC(1) Pause Young (Concurrent Start) (Metadata GC Threshold)
[2025-02-03T00:33:29.754+0530][gc,task      ] GC(1) Using 10 workers of 10 for evacuation
[2025-02-03T00:33:29.761+0530][gc,phases    ] GC(1)   Pre Evacuate Collection Set: 0.1ms
[2025-02-03T00:33:29.761+0530][gc,phases    ] GC(1)   Evacuate Collection Set: 5.9ms
[2025-02-03T00:33:29.761+0530][gc,phases    ] GC(1)   Post Evacuate Collection Set: 0.4ms
[2025-02-03T00:33:29.761+0530][gc,phases    ] GC(1)   Other: 0.2ms
[2025-02-03T00:33:29.761+0530][gc,heap      ] GC(1) Eden regions: 20->0(50)
[2025-02-03T00:33:29.761+0530][gc,heap      ] GC(1) Survivor regions: 7->1(7)
[2025-02-03T00:33:29.761+0530][gc,heap      ] GC(1) Old regions: 2->9
[2025-02-03T00:33:29.761+0530][gc,heap      ] GC(1) Humongous regions: 0->0
[2025-02-03T00:33:29.761+0530][gc,metaspace ] GC(1) Metaspace: 20313K(21248K)->20313K(21248K) NonClass: 17783K(18432K)->17783K(18432K) Class: 2529K(2816K)->2529K(2816K)
[2025-02-03T00:33:29.761+0530][gc           ] GC(1) Pause Young (Concurrent Start) (Metadata GC Threshold) 26M->8M(1024M) 6.651ms
[2025-02-03T00:33:29.761+0530][gc,cpu       ] GC(1) User=0.04s Sys=0.00s Real=0.01s
[2025-02-03T00:33:29.761+0530][gc           ] GC(2) Concurrent Cycle
[2025-02-03T00:33:29.761+0530][gc,marking   ] GC(2) Concurrent Clear Claimed Marks
[2025-02-03T00:33:29.761+0530][gc,marking   ] GC(2) Concurrent Clear Claimed Marks 0.040ms
[2025-02-03T00:33:29.761+0530][gc,marking   ] GC(2) Concurrent Scan Root Regions
[2025-02-03T00:33:29.762+0530][gc,marking   ] GC(2) Concurrent Scan Root Regions 0.894ms
[2025-02-03T00:33:29.762+0530][gc,marking   ] GC(2) Concurrent Mark (0.850s)
[2025-02-03T00:33:29.762+0530][gc,marking   ] GC(2) Concurrent Mark From Roots
[2025-02-03T00:33:29.762+0530][gc,task      ] GC(2) Using 3 workers of 3 for marking
[2025-02-03T00:33:29.765+0530][gc,marking   ] GC(2) Concurrent Mark From Roots 2.879ms
[2025-02-03T00:33:29.765+0530][gc,marking   ] GC(2) Concurrent Preclean
[2025-02-03T00:33:29.765+0530][gc,marking   ] GC(2) Concurrent Preclean 0.072ms
[2025-02-03T00:33:29.765+0530][gc,marking   ] GC(2) Concurrent Mark (0.850s, 0.853s) 2.981ms
[2025-02-03T00:33:29.765+0530][gc,start     ] GC(2) Pause Remark
[2025-02-03T00:33:29.766+0530][gc,stringtable] GC(2) Cleaned string and symbol table, strings: 5440 processed, 0 removed, symbols: 50095 processed, 40 removed
[2025-02-03T00:33:29.767+0530][gc            ] GC(2) Pause Remark 8M->8M(1024M) 1.444ms
[2025-02-03T00:33:29.767+0530][gc,cpu        ] GC(2) User=0.01s Sys=0.01s Real=0.01s
[2025-02-03T00:33:29.767+0530][gc,marking    ] GC(2) Concurrent Rebuild Remembered Sets
[2025-02-03T00:33:29.768+0530][gc,marking    ] GC(2) Concurrent Rebuild Remembered Sets 1.646ms
[2025-02-03T00:33:29.768+0530][gc,start      ] GC(2) Pause Cleanup
[2025-02-03T00:33:29.769+0530][gc            ] GC(2) Pause Cleanup 8M->8M(1024M) 0.173ms
[2025-02-03T00:33:29.769+0530][gc,cpu        ] GC(2) User=0.00s Sys=0.00s Real=0.00s
[2025-02-03T00:33:29.769+0530][gc,marking    ] GC(2) Concurrent Cleanup for Next Mark
[2025-02-03T00:33:29.771+0530][gc,marking    ] GC(2) Concurrent Cleanup for Next Mark 2.435ms
[2025-02-03T00:33:29.771+0530][gc            ] GC(2) Concurrent Cycle 10.098ms
[2025-02-03T00:33:30.291+0530][gc,start      ] GC(3) Pause Young (Normal) (G1 Evacuation Pause)
[2025-02-03T00:33:30.291+0530][gc,task       ] GC(3) Using 10 workers of 10 for evacuation
[2025-02-03T00:33:30.294+0530][gc,phases     ] GC(3)   Pre Evacuate Collection Set: 0.1ms
[2025-02-03T00:33:30.294+0530][gc,phases     ] GC(3)   Evacuate Collection Set: 2.5ms
[2025-02-03T00:33:30.294+0530][gc,phases     ] GC(3)   Post Evacuate Collection Set: 0.4ms
[2025-02-03T00:33:30.294+0530][gc,phases     ] GC(3)   Other: 0.2ms
[2025-02-03T00:33:30.294+0530][gc,heap       ] GC(3) Eden regions: 50->0(46)
[2025-02-03T00:33:30.294+0530][gc,heap       ] GC(3) Survivor regions: 1->5(7)
[2025-02-03T00:33:30.294+0530][gc,heap       ] GC(3) Old regions: 9->9
[2025-02-03T00:33:30.294+0530][gc,heap       ] GC(3) Humongous regions: 129->129
[2025-02-03T00:33:30.294+0530][gc,metaspace  ] GC(3) Metaspace: 29058K(30464K)->29058K(30464K) NonClass: 25574K(26368K)->25574K(26368K) Class: 3483K(4096K)->3483K(4096K)
[2025-02-03T00:33:30.294+0530][gc            ] GC(3) Pause Young (Normal) (G1 Evacuation Pause) 187M->140M(1024M) 3.157ms
[2025-02-03T00:33:30.294+0530][gc,cpu        ] GC(3) User=0.03s Sys=0.00s Real=0.00s
[2025-02-03T00:33:30.482+0530][gc,start      ] GC(4) Pause Young (Concurrent Start) (Metadata GC Threshold)
[2025-02-03T00:33:30.482+0530][gc,task       ] GC(4) Using 10 workers of 10 for evacuation
[2025-02-03T00:33:30.486+0530][gc,phases     ] GC(4)   Pre Evacuate Collection Set: 0.1ms
[2025-02-03T00:33:30.486+0530][gc,phases     ] GC(4)   Evacuate Collection Set: 3.9ms
[2025-02-03T00:33:30.486+0530][gc,phases     ] GC(4)   Post Evacuate Collection Set: 0.3ms
[2025-02-03T00:33:30.486+0530][gc,phases     ] GC(4)   Other: 0.2ms
[2025-02-03T00:33:30.486+0530][gc,heap       ] GC(4) Eden regions: 25->0(45)
[2025-02-03T00:33:30.486+0530][gc,heap       ] GC(4) Survivor regions: 5->6(7)
[2025-02-03T00:33:30.486+0530][gc,heap       ] GC(4) Old regions: 9->10
[2025-02-03T00:33:30.486+0530][gc,heap       ] GC(4) Humongous regions: 129->129
[2025-02-03T00:33:30.486+0530][gc,metaspace  ] GC(4) Metaspace: 34152K(35628K)->34152K(35628K) NonClass: 30077K(30892K)->30077K(30892K) Class: 4074K(4736K)->4074K(4736K)
[2025-02-03T00:33:30.486+0530][gc            ] GC(4) Pause Young (Concurrent Start) (Metadata GC Threshold) 165M->142M(1024M) 4.581ms
[2025-02-03T00:33:30.486+0530][gc,cpu        ] GC(4) User=0.03s Sys=0.00s Real=0.00s
[2025-02-03T00:33:30.486+0530][gc            ] GC(5) Concurrent Cycle
[2025-02-03T00:33:30.486+0530][gc,marking    ] GC(5) Concurrent Clear Claimed Marks
[2025-02-03T00:33:30.486+0530][gc,marking    ] GC(5) Concurrent Clear Claimed Marks 0.072ms
[2025-02-03T00:33:30.487+0530][gc,marking    ] GC(5) Concurrent Scan Root Regions
[2025-02-03T00:33:30.489+0530][gc,marking    ] GC(5) Concurrent Scan Root Regions 1.994ms
[2025-02-03T00:33:30.489+0530][gc,marking    ] GC(5) Concurrent Mark (1.577s)
[2025-02-03T00:33:30.489+0530][gc,marking    ] GC(5) Concurrent Mark From Roots
[2025-02-03T00:33:30.489+0530][gc,task       ] GC(5) Using 3 workers of 3 for marking
[2025-02-03T00:33:30.493+0530][gc,marking    ] GC(5) Concurrent Mark From Roots 4.253ms
[2025-02-03T00:33:30.493+0530][gc,marking    ] GC(5) Concurrent Preclean
[2025-02-03T00:33:30.493+0530][gc,marking    ] GC(5) Concurrent Preclean 0.110ms
[2025-02-03T00:33:30.493+0530][gc,marking    ] GC(5) Concurrent Mark (1.577s, 1.581s) 4.420ms
[2025-02-03T00:33:30.493+0530][gc,start      ] GC(5) Pause Remark
[2025-02-03T00:33:30.496+0530][gc,stringtable] GC(5) Cleaned string and symbol table, strings: 11366 processed, 11 removed, symbols: 80749 processed, 19 removed
[2025-02-03T00:33:30.496+0530][gc            ] GC(5) Pause Remark 143M->143M(1024M) 2.700ms
[2025-02-03T00:33:30.496+0530][gc,cpu        ] GC(5) User=0.02s Sys=0.00s Real=0.00s
[2025-02-03T00:33:30.496+0530][gc,marking    ] GC(5) Concurrent Rebuild Remembered Sets
[2025-02-03T00:33:30.498+0530][gc,marking    ] GC(5) Concurrent Rebuild Remembered Sets 2.213ms
[2025-02-03T00:33:30.498+0530][gc,start      ] GC(5) Pause Cleanup
[2025-02-03T00:33:30.498+0530][gc            ] GC(5) Pause Cleanup 143M->143M(1024M) 0.232ms
[2025-02-03T00:33:30.498+0530][gc,cpu        ] GC(5) User=0.00s Sys=0.00s Real=0.00s
[2025-02-03T00:33:30.498+0530][gc,marking    ] GC(5) Concurrent Cleanup for Next Mark
[2025-02-03T00:33:30.501+0530][gc,marking    ] GC(5) Concurrent Cleanup for Next Mark 3.022ms
[2025-02-03T00:33:30.502+0530][gc            ] GC(5) Concurrent Cycle 15.152ms
[2025-02-03T00:36:01.112+0530][gc,start      ] GC(6) Pause Young (Normal) (G1 Evacuation Pause)
[2025-02-03T00:36:01.112+0530][gc,task       ] GC(6) Using 10 workers of 10 for evacuation
[2025-02-03T00:36:01.120+0530][gc,phases     ] GC(6)   Pre Evacuate Collection Set: 0.1ms
[2025-02-03T00:36:01.120+0530][gc,phases     ] GC(6)   Evacuate Collection Set: 6.9ms
[2025-02-03T00:36:01.120+0530][gc,phases     ] GC(6)   Post Evacuate Collection Set: 0.6ms
[2025-02-03T00:36:01.120+0530][gc,phases     ] GC(6)   Other: 0.3ms
[2025-02-03T00:36:01.120+0530][gc,heap       ] GC(6) Eden regions: 45->0(45)
[2025-02-03T00:36:01.120+0530][gc,heap       ] GC(6) Survivor regions: 6->6(7)
[2025-02-03T00:36:01.120+0530][gc,heap       ] GC(6) Old regions: 10->13
[2025-02-03T00:36:01.120+0530][gc,heap       ] GC(6) Humongous regions: 135->129
[2025-02-03T00:36:01.120+0530][gc,metaspace  ] GC(6) Metaspace: 41009K(43436K)->41009K(43436K) NonClass: 35756K(37036K)->35756K(37036K) Class: 5253K(6400K)->5253K(6400K)
[2025-02-03T00:36:01.120+0530][gc            ] GC(6) Pause Young (Normal) (G1 Evacuation Pause) 193M->145M(1024M) 7.886ms
[2025-02-03T00:36:01.120+0530][gc,cpu        ] GC(6) User=0.06s Sys=0.01s Real=0.01s
