[2025-02-03T00:22:43.436+0530][gc,heap] Heap region size: 1M
[2025-02-03T00:22:43.444+0530][gc     ] Using G1
[2025-02-03T00:22:43.444+0530][gc,heap,coops] Heap address: 0x00000000c0000000, size: 1024 MB, Compressed Oops mode: 32-bit
[2025-02-03T00:22:43.444+0530][gc,cds       ] Mark closed archive regions in map: [0x00000000fff00000, 0x00000000fff6bff8]
[2025-02-03T00:22:43.444+0530][gc,cds       ] Mark open archive regions in map: [0x00000000ffe00000, 0x00000000ffe47ff8]
[2025-02-03T00:22:44.168+0530][gc,start     ] GC(0) Pause Young (Normal) (G1 Evacuation Pause)
[2025-02-03T00:22:44.169+0530][gc,task      ] GC(0) Using 10 workers of 10 for evacuation
[2025-02-03T00:22:44.174+0530][gc,phases    ] GC(0)   Pre Evacuate Collection Set: 0.0ms
[2025-02-03T00:22:44.174+0530][gc,phases    ] GC(0)   Evacuate Collection Set: 4.8ms
[2025-02-03T00:22:44.174+0530][gc,phases    ] GC(0)   Post Evacuate Collection Set: 0.4ms
[2025-02-03T00:22:44.174+0530][gc,phases    ] GC(0)   Other: 0.6ms
[2025-02-03T00:22:44.174+0530][gc,heap      ] GC(0) Eden regions: 51->0(44)
[2025-02-03T00:22:44.174+0530][gc,heap      ] GC(0) Survivor regions: 0->7(7)
[2025-02-03T00:22:44.174+0530][gc,heap      ] GC(0) Old regions: 2->2
[2025-02-03T00:22:44.174+0530][gc,heap      ] GC(0) Humongous regions: 0->0
[2025-02-03T00:22:44.174+0530][gc,metaspace ] GC(0) Metaspace: 15529K(16256K)->15529K(16256K) NonClass: 13578K(14080K)->13578K(14080K) Class: 1950K(2176K)->1950K(2176K)
[2025-02-03T00:22:44.174+0530][gc           ] GC(0) Pause Young (Normal) (G1 Evacuation Pause) 51M->7M(1024M) 5.973ms
[2025-02-03T00:22:44.174+0530][gc,cpu       ] GC(0) User=0.05s Sys=0.00s Real=0.00s
[2025-02-03T00:22:44.513+0530][gc,start     ] GC(1) Pause Young (Concurrent Start) (Metadata GC Threshold)
[2025-02-03T00:22:44.513+0530][gc,task      ] GC(1) Using 10 workers of 10 for evacuation
[2025-02-03T00:22:44.520+0530][gc,phases    ] GC(1)   Pre Evacuate Collection Set: 0.1ms
[2025-02-03T00:22:44.520+0530][gc,phases    ] GC(1)   Evacuate Collection Set: 6.1ms
[2025-02-03T00:22:44.520+0530][gc,phases    ] GC(1)   Post Evacuate Collection Set: 0.3ms
[2025-02-03T00:22:44.520+0530][gc,phases    ] GC(1)   Other: 0.8ms
[2025-02-03T00:22:44.520+0530][gc,heap      ] GC(1) Eden regions: 20->0(49)
[2025-02-03T00:22:44.520+0530][gc,heap      ] GC(1) Survivor regions: 7->2(7)
[2025-02-03T00:22:44.520+0530][gc,heap      ] GC(1) Old regions: 2->9
[2025-02-03T00:22:44.520+0530][gc,heap      ] GC(1) Humongous regions: 0->0
[2025-02-03T00:22:44.520+0530][gc,metaspace ] GC(1) Metaspace: 20455K(21296K)->20455K(21296K) NonClass: 17913K(18352K)->17913K(18352K) Class: 2542K(2944K)->2542K(2944K)
[2025-02-03T00:22:44.520+0530][gc           ] GC(1) Pause Young (Concurrent Start) (Metadata GC Threshold) 26M->8M(1024M) 7.268ms
[2025-02-03T00:22:44.520+0530][gc,cpu       ] GC(1) User=0.03s Sys=0.01s Real=0.01s
[2025-02-03T00:22:44.520+0530][gc           ] GC(2) Concurrent Cycle
[2025-02-03T00:22:44.520+0530][gc,marking   ] GC(2) Concurrent Clear Claimed Marks
[2025-02-03T00:22:44.520+0530][gc,marking   ] GC(2) Concurrent Clear Claimed Marks 0.011ms
[2025-02-03T00:22:44.520+0530][gc,marking   ] GC(2) Concurrent Scan Root Regions
[2025-02-03T00:22:44.521+0530][gc,marking   ] GC(2) Concurrent Scan Root Regions 0.888ms
[2025-02-03T00:22:44.521+0530][gc,marking   ] GC(2) Concurrent Mark (1.087s)
[2025-02-03T00:22:44.521+0530][gc,marking   ] GC(2) Concurrent Mark From Roots
[2025-02-03T00:22:44.521+0530][gc,task      ] GC(2) Using 3 workers of 3 for marking
[2025-02-03T00:22:44.526+0530][gc,marking   ] GC(2) Concurrent Mark From Roots 5.032ms
[2025-02-03T00:22:44.526+0530][gc,marking   ] GC(2) Concurrent Preclean
[2025-02-03T00:22:44.527+0530][gc,marking   ] GC(2) Concurrent Preclean 0.134ms
[2025-02-03T00:22:44.527+0530][gc,marking   ] GC(2) Concurrent Mark (1.087s, 1.093s) 5.241ms
[2025-02-03T00:22:44.527+0530][gc,start     ] GC(2) Pause Remark
[2025-02-03T00:22:44.532+0530][gc,stringtable] GC(2) Cleaned string and symbol table, strings: 5488 processed, 0 removed, symbols: 50187 processed, 40 removed
[2025-02-03T00:22:44.533+0530][gc            ] GC(2) Pause Remark 8M->8M(1024M) 5.694ms
[2025-02-03T00:22:44.533+0530][gc,cpu        ] GC(2) User=0.03s Sys=0.00s Real=0.00s
[2025-02-03T00:22:44.533+0530][gc,marking    ] GC(2) Concurrent Rebuild Remembered Sets
[2025-02-03T00:22:44.534+0530][gc,marking    ] GC(2) Concurrent Rebuild Remembered Sets 1.461ms
[2025-02-03T00:22:44.534+0530][gc,start      ] GC(2) Pause Cleanup
[2025-02-03T00:22:44.534+0530][gc            ] GC(2) Pause Cleanup 8M->8M(1024M) 0.135ms
[2025-02-03T00:22:44.534+0530][gc,cpu        ] GC(2) User=0.00s Sys=0.00s Real=0.00s
[2025-02-03T00:22:44.534+0530][gc,marking    ] GC(2) Concurrent Cleanup for Next Mark
[2025-02-03T00:22:44.536+0530][gc,marking    ] GC(2) Concurrent Cleanup for Next Mark 1.945ms
[2025-02-03T00:22:44.536+0530][gc            ] GC(2) Concurrent Cycle 15.816ms
[2025-02-03T00:22:45.626+0530][gc,start      ] GC(3) Pause Young (Normal) (G1 Evacuation Pause)
[2025-02-03T00:22:45.626+0530][gc,task       ] GC(3) Using 10 workers of 10 for evacuation
[2025-02-03T00:22:45.628+0530][gc,phases     ] GC(3)   Pre Evacuate Collection Set: 0.0ms
[2025-02-03T00:22:45.628+0530][gc,phases     ] GC(3)   Evacuate Collection Set: 1.9ms
[2025-02-03T00:22:45.628+0530][gc,phases     ] GC(3)   Post Evacuate Collection Set: 0.3ms
[2025-02-03T00:22:45.628+0530][gc,phases     ] GC(3)   Other: 0.1ms
[2025-02-03T00:22:45.628+0530][gc,heap       ] GC(3) Eden regions: 49->0(46)
[2025-02-03T00:22:45.628+0530][gc,heap       ] GC(3) Survivor regions: 2->5(7)
[2025-02-03T00:22:45.628+0530][gc,heap       ] GC(3) Old regions: 9->9
[2025-02-03T00:22:45.628+0530][gc,heap       ] GC(3) Humongous regions: 129->129
[2025-02-03T00:22:45.628+0530][gc,metaspace  ] GC(3) Metaspace: 28642K(30000K)->28642K(30000K) NonClass: 25221K(26032K)->25221K(26032K) Class: 3421K(3968K)->3421K(3968K)
[2025-02-03T00:22:45.628+0530][gc            ] GC(3) Pause Young (Normal) (G1 Evacuation Pause) 186M->140M(1024M) 2.382ms
[2025-02-03T00:22:45.628+0530][gc,cpu        ] GC(3) User=0.02s Sys=0.00s Real=0.01s
[2025-02-03T00:22:45.931+0530][gc,start      ] GC(4) Pause Young (Concurrent Start) (Metadata GC Threshold)
[2025-02-03T00:22:45.931+0530][gc,task       ] GC(4) Using 10 workers of 10 for evacuation
[2025-02-03T00:22:45.935+0530][gc,phases     ] GC(4)   Pre Evacuate Collection Set: 0.1ms
[2025-02-03T00:22:45.935+0530][gc,phases     ] GC(4)   Evacuate Collection Set: 3.0ms
[2025-02-03T00:22:45.935+0530][gc,phases     ] GC(4)   Post Evacuate Collection Set: 0.4ms
[2025-02-03T00:22:45.935+0530][gc,phases     ] GC(4)   Other: 0.2ms
[2025-02-03T00:22:45.935+0530][gc,heap       ] GC(4) Eden regions: 29->0(44)
[2025-02-03T00:22:45.935+0530][gc,heap       ] GC(4) Survivor regions: 5->7(7)
[2025-02-03T00:22:45.935+0530][gc,heap       ] GC(4) Old regions: 9->10
[2025-02-03T00:22:45.935+0530][gc,heap       ] GC(4) Humongous regions: 129->129
[2025-02-03T00:22:45.935+0530][gc,metaspace  ] GC(4) Metaspace: 34466K(35920K)->34466K(35920K) NonClass: 30330K(31152K)->30330K(31152K) Class: 4136K(4768K)->4136K(4768K)
[2025-02-03T00:22:45.935+0530][gc            ] GC(4) Pause Young (Concurrent Start) (Metadata GC Threshold) 168M->142M(1024M) 3.764ms
[2025-02-03T00:22:45.935+0530][gc,cpu        ] GC(4) User=0.03s Sys=0.00s Real=0.00s
[2025-02-03T00:22:45.935+0530][gc            ] GC(5) Concurrent Cycle
[2025-02-03T00:22:45.935+0530][gc,marking    ] GC(5) Concurrent Clear Claimed Marks
[2025-02-03T00:22:45.935+0530][gc,marking    ] GC(5) Concurrent Clear Claimed Marks 0.054ms
[2025-02-03T00:22:45.935+0530][gc,marking    ] GC(5) Concurrent Scan Root Regions
[2025-02-03T00:22:45.937+0530][gc,marking    ] GC(5) Concurrent Scan Root Regions 1.887ms
[2025-02-03T00:22:45.937+0530][gc,marking    ] GC(5) Concurrent Mark (2.503s)
[2025-02-03T00:22:45.937+0530][gc,marking    ] GC(5) Concurrent Mark From Roots
[2025-02-03T00:22:45.937+0530][gc,task       ] GC(5) Using 3 workers of 3 for marking
[2025-02-03T00:22:45.941+0530][gc,marking    ] GC(5) Concurrent Mark From Roots 3.618ms
[2025-02-03T00:22:45.941+0530][gc,marking    ] GC(5) Concurrent Preclean
[2025-02-03T00:22:45.941+0530][gc,marking    ] GC(5) Concurrent Preclean 0.144ms
[2025-02-03T00:22:45.941+0530][gc,marking    ] GC(5) Concurrent Mark (2.503s, 2.507s) 3.817ms
[2025-02-03T00:22:45.944+0530][gc,start      ] GC(5) Pause Remark
[2025-02-03T00:22:45.946+0530][gc,stringtable] GC(5) Cleaned string and symbol table, strings: 11418 processed, 11 removed, symbols: 81445 processed, 19 removed
[2025-02-03T00:22:45.946+0530][gc            ] GC(5) Pause Remark 143M->143M(1024M) 2.416ms
[2025-02-03T00:22:45.946+0530][gc,cpu        ] GC(5) User=0.02s Sys=0.00s Real=0.00s
[2025-02-03T00:22:45.946+0530][gc,marking    ] GC(5) Concurrent Rebuild Remembered Sets
[2025-02-03T00:22:45.949+0530][gc,marking    ] GC(5) Concurrent Rebuild Remembered Sets 2.763ms
[2025-02-03T00:22:45.949+0530][gc,start      ] GC(5) Pause Cleanup
[2025-02-03T00:22:45.949+0530][gc            ] GC(5) Pause Cleanup 143M->143M(1024M) 0.122ms
[2025-02-03T00:22:45.949+0530][gc,cpu        ] GC(5) User=0.00s Sys=0.00s Real=0.00s
[2025-02-03T00:22:45.949+0530][gc,marking    ] GC(5) Concurrent Cleanup for Next Mark
[2025-02-03T00:22:45.952+0530][gc,marking    ] GC(5) Concurrent Cleanup for Next Mark 2.609ms
[2025-02-03T00:22:45.952+0530][gc            ] GC(5) Concurrent Cycle 16.811ms
[2025-02-03T00:26:15.331+0530][gc,start      ] GC(6) Pause Young (Normal) (G1 Evacuation Pause)
[2025-02-03T00:26:15.331+0530][gc,task       ] GC(6) Using 10 workers of 10 for evacuation
[2025-02-03T00:26:15.339+0530][gc,phases     ] GC(6)   Pre Evacuate Collection Set: 0.1ms
[2025-02-03T00:26:15.339+0530][gc,phases     ] GC(6)   Evacuate Collection Set: 6.7ms
[2025-02-03T00:26:15.339+0530][gc,phases     ] GC(6)   Post Evacuate Collection Set: 0.5ms
[2025-02-03T00:26:15.339+0530][gc,phases     ] GC(6)   Other: 0.3ms
[2025-02-03T00:26:15.339+0530][gc,heap       ] GC(6) Eden regions: 44->0(45)
[2025-02-03T00:26:15.339+0530][gc,heap       ] GC(6) Survivor regions: 7->6(7)
[2025-02-03T00:26:15.339+0530][gc,heap       ] GC(6) Old regions: 10->13
[2025-02-03T00:26:15.339+0530][gc,heap       ] GC(6) Humongous regions: 135->129
[2025-02-03T00:26:15.339+0530][gc,metaspace  ] GC(6) Metaspace: 40874K(43292K)->40874K(43292K) NonClass: 35677K(36988K)->35677K(36988K) Class: 5197K(6304K)->5197K(6304K)
[2025-02-03T00:26:15.339+0530][gc            ] GC(6) Pause Young (Normal) (G1 Evacuation Pause) 192M->145M(1024M) 7.666ms
[2025-02-03T00:26:15.339+0530][gc,cpu        ] GC(6) User=0.06s Sys=0.01s Real=0.01s
[2025-02-03T00:33:09.636+0530][gc,heap,exit  ] Heap
[2025-02-03T00:33:09.636+0530][gc,heap,exit  ]  garbage-first heap   total 1048576K, used 183197K [0x00000000c0000000, 0x0000000100000000)
[2025-02-03T00:33:09.636+0530][gc,heap,exit  ]   region size 1024K, 41 young (41984K), 6 survivors (6144K)
[2025-02-03T00:33:09.636+0530][gc,heap,exit  ]  Metaspace       used 42306K, capacity 44973K, committed 45084K, reserved 1087488K
[2025-02-03T00:33:09.636+0530][gc,heap,exit  ]   class space    used 5481K, capacity 6751K, committed 6816K, reserved 1048576K
