[2025-02-03T06:48:41.007+0530][gc,heap] Heap region size: 1M
[2025-02-03T06:48:41.016+0530][gc     ] Using G1
[2025-02-03T06:48:41.016+0530][gc,heap,coops] Heap address: 0x00000000c0000000, size: 1024 MB, Compressed Oops mode: 32-bit
[2025-02-03T06:48:41.016+0530][gc,cds       ] Mark closed archive regions in map: [0x00000000fff00000, 0x00000000fff6bff8]
[2025-02-03T06:48:41.016+0530][gc,cds       ] Mark open archive regions in map: [0x00000000ffe00000, 0x00000000ffe47ff8]
[2025-02-03T06:48:41.959+0530][gc,start     ] GC(0) Pause Young (Normal) (G1 Evacuation Pause)
[2025-02-03T06:48:41.959+0530][gc,task      ] GC(0) Using 10 workers of 10 for evacuation
[2025-02-03T06:48:41.965+0530][gc,phases    ] GC(0)   Pre Evacuate Collection Set: 0.0ms
[2025-02-03T06:48:41.965+0530][gc,phases    ] GC(0)   Evacuate Collection Set: 5.3ms
[2025-02-03T06:48:41.965+0530][gc,phases    ] GC(0)   Post Evacuate Collection Set: 0.4ms
[2025-02-03T06:48:41.965+0530][gc,phases    ] GC(0)   Other: 0.8ms
[2025-02-03T06:48:41.965+0530][gc,heap      ] GC(0) Eden regions: 51->0(44)
[2025-02-03T06:48:41.965+0530][gc,heap      ] GC(0) Survivor regions: 0->7(7)
[2025-02-03T06:48:41.965+0530][gc,heap      ] GC(0) Old regions: 2->2
[2025-02-03T06:48:41.965+0530][gc,heap      ] GC(0) Humongous regions: 0->0
[2025-02-03T06:48:41.965+0530][gc,metaspace ] GC(0) Metaspace: 15523K(16256K)->15523K(16256K) NonClass: 13570K(14080K)->13570K(14080K) Class: 1952K(2176K)->1952K(2176K)
[2025-02-03T06:48:41.965+0530][gc           ] GC(0) Pause Young (Normal) (G1 Evacuation Pause) 51M->7M(1024M) 6.616ms
[2025-02-03T06:48:41.965+0530][gc,cpu       ] GC(0) User=0.05s Sys=0.00s Real=0.01s
[2025-02-03T06:48:42.437+0530][gc,start     ] GC(1) Pause Young (Concurrent Start) (Metadata GC Threshold)
[2025-02-03T06:48:42.437+0530][gc,task      ] GC(1) Using 10 workers of 10 for evacuation
[2025-02-03T06:48:42.443+0530][gc,phases    ] GC(1)   Pre Evacuate Collection Set: 0.0ms
[2025-02-03T06:48:42.443+0530][gc,phases    ] GC(1)   Evacuate Collection Set: 5.4ms
[2025-02-03T06:48:42.443+0530][gc,phases    ] GC(1)   Post Evacuate Collection Set: 0.3ms
[2025-02-03T06:48:42.443+0530][gc,phases    ] GC(1)   Other: 0.2ms
[2025-02-03T06:48:42.443+0530][gc,heap      ] GC(1) Eden regions: 21->0(49)
[2025-02-03T06:48:42.443+0530][gc,heap      ] GC(1) Survivor regions: 7->2(7)
[2025-02-03T06:48:42.443+0530][gc,heap      ] GC(1) Old regions: 2->9
[2025-02-03T06:48:42.443+0530][gc,heap      ] GC(1) Humongous regions: 0->0
[2025-02-03T06:48:42.443+0530][gc,metaspace ] GC(1) Metaspace: 20528K(21248K)->20528K(21248K) NonClass: 17994K(18432K)->17994K(18432K) Class: 2534K(2816K)->2534K(2816K)
[2025-02-03T06:48:42.443+0530][gc           ] GC(1) Pause Young (Concurrent Start) (Metadata GC Threshold) 27M->8M(1024M) 6.013ms
[2025-02-03T06:48:42.443+0530][gc,cpu       ] GC(1) User=0.03s Sys=0.00s Real=0.00s
[2025-02-03T06:48:42.443+0530][gc           ] GC(2) Concurrent Cycle
[2025-02-03T06:48:42.443+0530][gc,marking   ] GC(2) Concurrent Clear Claimed Marks
[2025-02-03T06:48:42.443+0530][gc,marking   ] GC(2) Concurrent Clear Claimed Marks 0.016ms
[2025-02-03T06:48:42.443+0530][gc,marking   ] GC(2) Concurrent Scan Root Regions
[2025-02-03T06:48:42.444+0530][gc,marking   ] GC(2) Concurrent Scan Root Regions 0.845ms
[2025-02-03T06:48:42.444+0530][gc,marking   ] GC(2) Concurrent Mark (1.439s)
[2025-02-03T06:48:42.444+0530][gc,marking   ] GC(2) Concurrent Mark From Roots
[2025-02-03T06:48:42.444+0530][gc,task      ] GC(2) Using 3 workers of 3 for marking
[2025-02-03T06:48:42.447+0530][gc,marking   ] GC(2) Concurrent Mark From Roots 2.741ms
[2025-02-03T06:48:42.447+0530][gc,marking   ] GC(2) Concurrent Preclean
[2025-02-03T06:48:42.447+0530][gc,marking   ] GC(2) Concurrent Preclean 0.099ms
[2025-02-03T06:48:42.447+0530][gc,marking   ] GC(2) Concurrent Mark (1.439s, 1.442s) 2.876ms
[2025-02-03T06:48:42.447+0530][gc,start     ] GC(2) Pause Remark
[2025-02-03T06:48:42.449+0530][gc,stringtable] GC(2) Cleaned string and symbol table, strings: 5577 processed, 0 removed, symbols: 50766 processed, 46 removed
[2025-02-03T06:48:42.449+0530][gc            ] GC(2) Pause Remark 8M->8M(1024M) 1.978ms
[2025-02-03T06:48:42.449+0530][gc,cpu        ] GC(2) User=0.02s Sys=0.00s Real=0.00s
[2025-02-03T06:48:42.449+0530][gc,marking    ] GC(2) Concurrent Rebuild Remembered Sets
[2025-02-03T06:48:42.451+0530][gc,marking    ] GC(2) Concurrent Rebuild Remembered Sets 1.854ms
[2025-02-03T06:48:42.451+0530][gc,start      ] GC(2) Pause Cleanup
[2025-02-03T06:48:42.451+0530][gc            ] GC(2) Pause Cleanup 8M->8M(1024M) 0.094ms
[2025-02-03T06:48:42.451+0530][gc,cpu        ] GC(2) User=0.00s Sys=0.00s Real=0.00s
[2025-02-03T06:48:42.451+0530][gc,marking    ] GC(2) Concurrent Cleanup for Next Mark
[2025-02-03T06:48:42.454+0530][gc,marking    ] GC(2) Concurrent Cleanup for Next Mark 2.696ms
[2025-02-03T06:48:42.454+0530][gc            ] GC(2) Concurrent Cycle 10.681ms
[2025-02-03T06:48:43.068+0530][gc,start      ] GC(3) Pause Young (Normal) (G1 Evacuation Pause)
[2025-02-03T06:48:43.068+0530][gc,task       ] GC(3) Using 10 workers of 10 for evacuation
[2025-02-03T06:48:43.071+0530][gc,phases     ] GC(3)   Pre Evacuate Collection Set: 0.0ms
[2025-02-03T06:48:43.071+0530][gc,phases     ] GC(3)   Evacuate Collection Set: 2.0ms
[2025-02-03T06:48:43.071+0530][gc,phases     ] GC(3)   Post Evacuate Collection Set: 0.2ms
[2025-02-03T06:48:43.071+0530][gc,phases     ] GC(3)   Other: 0.1ms
[2025-02-03T06:48:43.071+0530][gc,heap       ] GC(3) Eden regions: 49->0(45)
[2025-02-03T06:48:43.071+0530][gc,heap       ] GC(3) Survivor regions: 2->6(7)
[2025-02-03T06:48:43.071+0530][gc,heap       ] GC(3) Old regions: 9->9
[2025-02-03T06:48:43.071+0530][gc,heap       ] GC(3) Humongous regions: 129->129
[2025-02-03T06:48:43.071+0530][gc,metaspace  ] GC(3) Metaspace: 29527K(30848K)->29527K(30848K) NonClass: 26028K(26880K)->26028K(26880K) Class: 3499K(3968K)->3499K(3968K)
[2025-02-03T06:48:43.071+0530][gc            ] GC(3) Pause Young (Normal) (G1 Evacuation Pause) 186M->141M(1024M) 2.388ms
[2025-02-03T06:48:43.071+0530][gc,cpu        ] GC(3) User=0.02s Sys=0.00s Real=0.00s
[2025-02-03T06:48:43.222+0530][gc,start      ] GC(4) Pause Young (Concurrent Start) (Metadata GC Threshold)
[2025-02-03T06:48:43.222+0530][gc,task       ] GC(4) Using 10 workers of 10 for evacuation
[2025-02-03T06:48:43.227+0530][gc,phases     ] GC(4)   Pre Evacuate Collection Set: 0.2ms
[2025-02-03T06:48:43.227+0530][gc,phases     ] GC(4)   Evacuate Collection Set: 3.9ms
[2025-02-03T06:48:43.227+0530][gc,phases     ] GC(4)   Post Evacuate Collection Set: 0.3ms
[2025-02-03T06:48:43.227+0530][gc,phases     ] GC(4)   Other: 0.3ms
[2025-02-03T06:48:43.227+0530][gc,heap       ] GC(4) Eden regions: 21->0(49)
[2025-02-03T06:48:43.227+0530][gc,heap       ] GC(4) Survivor regions: 6->2(7)
[2025-02-03T06:48:43.227+0530][gc,heap       ] GC(4) Old regions: 9->14
[2025-02-03T06:48:43.227+0530][gc,heap       ] GC(4) Humongous regions: 129->129
[2025-02-03T06:48:43.227+0530][gc,metaspace  ] GC(4) Metaspace: 34250K(35628K)->34250K(35628K) NonClass: 30162K(30892K)->30162K(30892K) Class: 4087K(4736K)->4087K(4736K)
[2025-02-03T06:48:43.227+0530][gc            ] GC(4) Pause Young (Concurrent Start) (Metadata GC Threshold) 162M->142M(1024M) 4.704ms
[2025-02-03T06:48:43.227+0530][gc,cpu        ] GC(4) User=0.02s Sys=0.00s Real=0.01s
[2025-02-03T06:48:43.227+0530][gc            ] GC(5) Concurrent Cycle
[2025-02-03T06:48:43.227+0530][gc,marking    ] GC(5) Concurrent Clear Claimed Marks
[2025-02-03T06:48:43.227+0530][gc,marking    ] GC(5) Concurrent Clear Claimed Marks 0.055ms
[2025-02-03T06:48:43.227+0530][gc,marking    ] GC(5) Concurrent Scan Root Regions
[2025-02-03T06:48:43.228+0530][gc,marking    ] GC(5) Concurrent Scan Root Regions 0.907ms
[2025-02-03T06:48:43.228+0530][gc,marking    ] GC(5) Concurrent Mark (2.223s)
[2025-02-03T06:48:43.228+0530][gc,marking    ] GC(5) Concurrent Mark From Roots
[2025-02-03T06:48:43.228+0530][gc,task       ] GC(5) Using 3 workers of 3 for marking
[2025-02-03T06:48:43.236+0530][gc,marking    ] GC(5) Concurrent Mark From Roots 8.696ms
[2025-02-03T06:48:43.236+0530][gc,marking    ] GC(5) Concurrent Preclean
[2025-02-03T06:48:43.237+0530][gc,marking    ] GC(5) Concurrent Preclean 0.183ms
[2025-02-03T06:48:43.237+0530][gc,marking    ] GC(5) Concurrent Mark (2.223s, 2.232s) 8.933ms
[2025-02-03T06:48:43.237+0530][gc,start      ] GC(5) Pause Remark
[2025-02-03T06:48:43.239+0530][gc,stringtable] GC(5) Cleaned string and symbol table, strings: 11293 processed, 11 removed, symbols: 82687 processed, 17 removed
[2025-02-03T06:48:43.240+0530][gc            ] GC(5) Pause Remark 145M->145M(1024M) 2.690ms
[2025-02-03T06:48:43.240+0530][gc,cpu        ] GC(5) User=0.02s Sys=0.00s Real=0.00s
[2025-02-03T06:48:43.240+0530][gc,marking    ] GC(5) Concurrent Rebuild Remembered Sets
[2025-02-03T06:48:43.243+0530][gc,marking    ] GC(5) Concurrent Rebuild Remembered Sets 3.485ms
[2025-02-03T06:48:43.243+0530][gc,start      ] GC(5) Pause Cleanup
[2025-02-03T06:48:43.243+0530][gc            ] GC(5) Pause Cleanup 145M->145M(1024M) 0.110ms
[2025-02-03T06:48:43.243+0530][gc,cpu        ] GC(5) User=0.00s Sys=0.00s Real=0.00s
[2025-02-03T06:48:43.243+0530][gc,marking    ] GC(5) Concurrent Cleanup for Next Mark
[2025-02-03T06:48:43.246+0530][gc,marking    ] GC(5) Concurrent Cleanup for Next Mark 2.715ms
[2025-02-03T06:48:43.246+0530][gc            ] GC(5) Concurrent Cycle 19.474ms
[2025-02-03T06:50:07.261+0530][gc,start      ] GC(6) Pause Young (Concurrent Start) (G1 Evacuation Pause)
[2025-02-03T06:50:07.261+0530][gc,task       ] GC(6) Using 10 workers of 10 for evacuation
[2025-02-03T06:50:07.274+0530][gc,phases     ] GC(6)   Pre Evacuate Collection Set: 0.2ms
[2025-02-03T06:50:07.274+0530][gc,phases     ] GC(6)   Evacuate Collection Set: 10.5ms
[2025-02-03T06:50:07.274+0530][gc,phases     ] GC(6)   Post Evacuate Collection Set: 1.6ms
[2025-02-03T06:50:07.274+0530][gc,phases     ] GC(6)   Other: 0.6ms
[2025-02-03T06:50:07.274+0530][gc,heap       ] GC(6) Eden regions: 49->0(47)
[2025-02-03T06:50:07.274+0530][gc,heap       ] GC(6) Survivor regions: 2->4(7)
[2025-02-03T06:50:07.274+0530][gc,heap       ] GC(6) Old regions: 14->14
[2025-02-03T06:50:07.274+0530][gc,heap       ] GC(6) Humongous regions: 129->129
[2025-02-03T06:50:07.274+0530][gc,metaspace  ] GC(6) Metaspace: 40963K(43640K)->40963K(43640K) NonClass: 35633K(37036K)->35633K(37036K) Class: 5329K(6604K)->5329K(6604K)
[2025-02-03T06:50:07.274+0530][gc            ] GC(6) Pause Young (Concurrent Start) (G1 Evacuation Pause) 191M->145M(1024M) 13.065ms
[2025-02-03T06:50:07.274+0530][gc,cpu        ] GC(6) User=0.05s Sys=0.00s Real=0.02s
[2025-02-03T06:50:07.275+0530][gc            ] GC(7) Concurrent Cycle
[2025-02-03T06:50:07.275+0530][gc,marking    ] GC(7) Concurrent Clear Claimed Marks
[2025-02-03T06:50:07.275+0530][gc,marking    ] GC(7) Concurrent Clear Claimed Marks 0.497ms
[2025-02-03T06:50:07.275+0530][gc,marking    ] GC(7) Concurrent Scan Root Regions
[2025-02-03T06:50:07.281+0530][gc,marking    ] GC(7) Concurrent Scan Root Regions 5.874ms
[2025-02-03T06:50:07.281+0530][gc,marking    ] GC(7) Concurrent Mark (86.276s)
[2025-02-03T06:50:07.281+0530][gc,marking    ] GC(7) Concurrent Mark From Roots
[2025-02-03T06:50:07.281+0530][gc,task       ] GC(7) Using 3 workers of 3 for marking
[2025-02-03T06:50:07.295+0530][gc,marking    ] GC(7) Concurrent Mark From Roots 13.824ms
[2025-02-03T06:50:07.295+0530][gc,marking    ] GC(7) Concurrent Preclean
[2025-02-03T06:50:07.295+0530][gc,marking    ] GC(7) Concurrent Preclean 0.117ms
[2025-02-03T06:50:07.295+0530][gc,marking    ] GC(7) Concurrent Mark (86.276s, 86.290s) 14.007ms
[2025-02-03T06:50:07.295+0530][gc,start      ] GC(7) Pause Remark
[2025-02-03T06:50:07.300+0530][gc,stringtable] GC(7) Cleaned string and symbol table, strings: 12539 processed, 5 removed, symbols: 89104 processed, 5 removed
[2025-02-03T06:50:07.301+0530][gc            ] GC(7) Pause Remark 145M->145M(1024M) 5.659ms
[2025-02-03T06:50:07.301+0530][gc,cpu        ] GC(7) User=0.02s Sys=0.00s Real=0.00s
[2025-02-03T06:50:07.301+0530][gc,marking    ] GC(7) Concurrent Rebuild Remembered Sets
[2025-02-03T06:50:07.306+0530][gc,marking    ] GC(7) Concurrent Rebuild Remembered Sets 4.837ms
[2025-02-03T06:50:07.306+0530][gc,start      ] GC(7) Pause Cleanup
[2025-02-03T06:50:07.306+0530][gc            ] GC(7) Pause Cleanup 145M->145M(1024M) 0.168ms
[2025-02-03T06:50:07.306+0530][gc,cpu        ] GC(7) User=0.00s Sys=0.00s Real=0.00s
[2025-02-03T06:50:07.306+0530][gc,marking    ] GC(7) Concurrent Cleanup for Next Mark
[2025-02-03T06:50:07.308+0530][gc,marking    ] GC(7) Concurrent Cleanup for Next Mark 1.982ms
[2025-02-03T06:50:07.309+0530][gc            ] GC(7) Concurrent Cycle 34.157ms
[2025-02-03T06:51:27.601+0530][gc,start      ] GC(8) Pause Young (Normal) (G1 Evacuation Pause)
[2025-02-03T06:51:27.601+0530][gc,task       ] GC(8) Using 10 workers of 10 for evacuation
[2025-02-03T06:51:27.613+0530][gc,phases     ] GC(8)   Pre Evacuate Collection Set: 0.1ms
[2025-02-03T06:51:27.613+0530][gc,phases     ] GC(8)   Evacuate Collection Set: 10.3ms
[2025-02-03T06:51:27.613+0530][gc,phases     ] GC(8)   Post Evacuate Collection Set: 1.2ms
[2025-02-03T06:51:27.613+0530][gc,phases     ] GC(8)   Other: 0.3ms
[2025-02-03T06:51:27.613+0530][gc,heap       ] GC(8) Eden regions: 47->0(46)
[2025-02-03T06:51:27.613+0530][gc,heap       ] GC(8) Survivor regions: 4->5(7)
[2025-02-03T06:51:27.613+0530][gc,heap       ] GC(8) Old regions: 14->15
[2025-02-03T06:51:27.613+0530][gc,heap       ] GC(8) Humongous regions: 129->129
[2025-02-03T06:51:27.613+0530][gc,metaspace  ] GC(8) Metaspace: 42137K(44920K)->42137K(44920K) NonClass: 36798K(38316K)->36798K(38316K) Class: 5339K(6604K)->5339K(6604K)
[2025-02-03T06:51:27.613+0530][gc            ] GC(8) Pause Young (Normal) (G1 Evacuation Pause) 192M->146M(1024M) 11.943ms
[2025-02-03T06:51:27.613+0530][gc,cpu        ] GC(8) User=0.05s Sys=0.00s Real=0.01s
[2025-02-03T06:56:38.497+0530][gc,heap,exit  ] Heap
[2025-02-03T06:56:38.497+0530][gc,heap,exit  ]  garbage-first heap   total 1048576K, used 170920K [0x00000000c0000000, 0x0000000100000000)
[2025-02-03T06:56:38.497+0530][gc,heap,exit  ]   region size 1024K, 26 young (26624K), 5 survivors (5120K)
[2025-02-03T06:56:38.497+0530][gc,heap,exit  ]  Metaspace       used 43075K, capacity 45799K, committed 46072K, reserved 1089536K
[2025-02-03T06:56:38.497+0530][gc,heap,exit  ]   class space    used 5569K, capacity 6886K, committed 6988K, reserved 1048576K
