[2025-02-03T00:31:49.738+0530][gc,heap] Heap region size: 1M
[2025-02-03T00:31:49.746+0530][gc     ] Using G1
[2025-02-03T00:31:49.746+0530][gc,heap,coops] Heap address: 0x00000000c0000000, size: 1024 MB, Compressed Oops mode: 32-bit
[2025-02-03T00:31:49.746+0530][gc,cds       ] Mark closed archive regions in map: [0x00000000fff00000, 0x00000000fff6bff8]
[2025-02-03T00:31:49.746+0530][gc,cds       ] Mark open archive regions in map: [0x00000000ffe00000, 0x00000000ffe47ff8]
[2025-02-03T00:31:50.335+0530][gc,start     ] GC(0) Pause Young (Normal) (G1 Evacuation Pause)
[2025-02-03T00:31:50.336+0530][gc,task      ] GC(0) Using 10 workers of 10 for evacuation
[2025-02-03T00:31:50.341+0530][gc,phases    ] GC(0)   Pre Evacuate Collection Set: 0.0ms
[2025-02-03T00:31:50.341+0530][gc,phases    ] GC(0)   Evacuate Collection Set: 4.7ms
[2025-02-03T00:31:50.341+0530][gc,phases    ] GC(0)   Post Evacuate Collection Set: 0.4ms
[2025-02-03T00:31:50.341+0530][gc,phases    ] GC(0)   Other: 0.6ms
[2025-02-03T00:31:50.341+0530][gc,heap      ] GC(0) Eden regions: 51->0(44)
[2025-02-03T00:31:50.341+0530][gc,heap      ] GC(0) Survivor regions: 0->7(7)
[2025-02-03T00:31:50.341+0530][gc,heap      ] GC(0) Old regions: 2->2
[2025-02-03T00:31:50.341+0530][gc,heap      ] GC(0) Humongous regions: 0->0
[2025-02-03T00:31:50.341+0530][gc,metaspace ] GC(0) Metaspace: 15567K(16256K)->15567K(16256K) NonClass: 13612K(14080K)->13612K(14080K) Class: 1955K(2176K)->1955K(2176K)
[2025-02-03T00:31:50.341+0530][gc           ] GC(0) Pause Young (Normal) (G1 Evacuation Pause) 51M->7M(1024M) 5.873ms
[2025-02-03T00:31:50.341+0530][gc,cpu       ] GC(0) User=0.04s Sys=0.00s Real=0.01s
[2025-02-03T00:31:50.553+0530][gc,start     ] GC(1) Pause Young (Concurrent Start) (Metadata GC Threshold)
[2025-02-03T00:31:50.553+0530][gc,task      ] GC(1) Using 10 workers of 10 for evacuation
[2025-02-03T00:31:50.558+0530][gc,phases    ] GC(1)   Pre Evacuate Collection Set: 0.0ms
[2025-02-03T00:31:50.558+0530][gc,phases    ] GC(1)   Evacuate Collection Set: 4.7ms
[2025-02-03T00:31:50.558+0530][gc,phases    ] GC(1)   Post Evacuate Collection Set: 0.3ms
[2025-02-03T00:31:50.558+0530][gc,phases    ] GC(1)   Other: 0.2ms
[2025-02-03T00:31:50.558+0530][gc,heap      ] GC(1) Eden regions: 20->0(49)
[2025-02-03T00:31:50.558+0530][gc,heap      ] GC(1) Survivor regions: 7->2(7)
[2025-02-03T00:31:50.558+0530][gc,heap      ] GC(1) Old regions: 2->9
[2025-02-03T00:31:50.558+0530][gc,heap      ] GC(1) Humongous regions: 0->0
[2025-02-03T00:31:50.558+0530][gc,metaspace ] GC(1) Metaspace: 20336K(21248K)->20336K(21248K) NonClass: 17807K(18432K)->17807K(18432K) Class: 2529K(2816K)->2529K(2816K)
[2025-02-03T00:31:50.558+0530][gc           ] GC(1) Pause Young (Concurrent Start) (Metadata GC Threshold) 26M->8M(1024M) 5.270ms
[2025-02-03T00:31:50.558+0530][gc,cpu       ] GC(1) User=0.02s Sys=0.00s Real=0.01s
[2025-02-03T00:31:50.558+0530][gc           ] GC(2) Concurrent Cycle
[2025-02-03T00:31:50.558+0530][gc,marking   ] GC(2) Concurrent Clear Claimed Marks
[2025-02-03T00:31:50.558+0530][gc,marking   ] GC(2) Concurrent Clear Claimed Marks 0.012ms
[2025-02-03T00:31:50.558+0530][gc,marking   ] GC(2) Concurrent Scan Root Regions
[2025-02-03T00:31:50.559+0530][gc,marking   ] GC(2) Concurrent Scan Root Regions 0.939ms
[2025-02-03T00:31:50.559+0530][gc,marking   ] GC(2) Concurrent Mark (0.823s)
[2025-02-03T00:31:50.559+0530][gc,marking   ] GC(2) Concurrent Mark From Roots
[2025-02-03T00:31:50.559+0530][gc,task      ] GC(2) Using 3 workers of 3 for marking
[2025-02-03T00:31:50.562+0530][gc,marking   ] GC(2) Concurrent Mark From Roots 3.217ms
[2025-02-03T00:31:50.562+0530][gc,marking   ] GC(2) Concurrent Preclean
[2025-02-03T00:31:50.562+0530][gc,marking   ] GC(2) Concurrent Preclean 0.098ms
[2025-02-03T00:31:50.562+0530][gc,marking   ] GC(2) Concurrent Mark (0.823s, 0.826s) 3.354ms
[2025-02-03T00:31:50.563+0530][gc,start     ] GC(2) Pause Remark
[2025-02-03T00:31:50.565+0530][gc,stringtable] GC(2) Cleaned string and symbol table, strings: 5460 processed, 0 removed, symbols: 50133 processed, 40 removed
[2025-02-03T00:31:50.565+0530][gc            ] GC(2) Pause Remark 8M->8M(1024M) 2.157ms
[2025-02-03T00:31:50.565+0530][gc,cpu        ] GC(2) User=0.02s Sys=0.00s Real=0.00s
[2025-02-03T00:31:50.565+0530][gc,marking    ] GC(2) Concurrent Rebuild Remembered Sets
[2025-02-03T00:31:50.567+0530][gc,marking    ] GC(2) Concurrent Rebuild Remembered Sets 1.611ms
[2025-02-03T00:31:50.567+0530][gc,start      ] GC(2) Pause Cleanup
[2025-02-03T00:31:50.567+0530][gc            ] GC(2) Pause Cleanup 8M->8M(1024M) 0.167ms
[2025-02-03T00:31:50.567+0530][gc,cpu        ] GC(2) User=0.00s Sys=0.00s Real=0.00s
[2025-02-03T00:31:50.567+0530][gc,marking    ] GC(2) Concurrent Cleanup for Next Mark
[2025-02-03T00:31:50.569+0530][gc,marking    ] GC(2) Concurrent Cleanup for Next Mark 2.162ms
[2025-02-03T00:31:50.569+0530][gc            ] GC(2) Concurrent Cycle 10.922ms
[2025-02-03T00:31:54.597+0530][gc,heap,exit  ] Heap
[2025-02-03T00:31:54.597+0530][gc,heap,exit  ]  garbage-first heap   total 1048576K, used 13736K [0x00000000c0000000, 0x0000000100000000)
[2025-02-03T00:31:54.597+0530][gc,heap,exit  ]   region size 1024K, 8 young (8192K), 2 survivors (2048K)
[2025-02-03T00:31:54.597+0530][gc,heap,exit  ]  Metaspace       used 21109K, capacity 21840K, committed 21888K, reserved 1069056K
[2025-02-03T00:31:54.597+0530][gc,heap,exit  ]   class space    used 2649K, capacity 2936K, committed 2944K, reserved 1048576K
