[2025-02-03T00:23:52.638+0530][gc,heap] Heap region size: 1M
[2025-02-03T00:23:52.646+0530][gc     ] Using G1
[2025-02-03T00:23:52.646+0530][gc,heap,coops] Heap address: 0x00000000c0000000, size: 1024 MB, Compressed Oops mode: 32-bit
[2025-02-03T00:23:52.646+0530][gc,cds       ] Mark closed archive regions in map: [0x00000000fff00000, 0x00000000fff6bff8]
[2025-02-03T00:23:52.646+0530][gc,cds       ] Mark open archive regions in map: [0x00000000ffe00000, 0x00000000ffe47ff8]
[2025-02-03T00:23:53.220+0530][gc,start     ] GC(0) Pause Young (Normal) (G1 Evacuation Pause)
[2025-02-03T00:23:53.221+0530][gc,task      ] GC(0) Using 10 workers of 10 for evacuation
[2025-02-03T00:23:53.226+0530][gc,phases    ] GC(0)   Pre Evacuate Collection Set: 0.0ms
[2025-02-03T00:23:53.226+0530][gc,phases    ] GC(0)   Evacuate Collection Set: 4.3ms
[2025-02-03T00:23:53.226+0530][gc,phases    ] GC(0)   Post Evacuate Collection Set: 0.4ms
[2025-02-03T00:23:53.226+0530][gc,phases    ] GC(0)   Other: 0.8ms
[2025-02-03T00:23:53.226+0530][gc,heap      ] GC(0) Eden regions: 51->0(44)
[2025-02-03T00:23:53.226+0530][gc,heap      ] GC(0) Survivor regions: 0->7(7)
[2025-02-03T00:23:53.226+0530][gc,heap      ] GC(0) Old regions: 2->2
[2025-02-03T00:23:53.226+0530][gc,heap      ] GC(0) Humongous regions: 0->0
[2025-02-03T00:23:53.226+0530][gc,metaspace ] GC(0) Metaspace: 15181K(16000K)->15181K(16000K) NonClass: 13292K(13824K)->13292K(13824K) Class: 1888K(2176K)->1888K(2176K)
[2025-02-03T00:23:53.226+0530][gc           ] GC(0) Pause Young (Normal) (G1 Evacuation Pause) 51M->7M(1024M) 5.621ms
[2025-02-03T00:23:53.226+0530][gc,cpu       ] GC(0) User=0.04s Sys=0.01s Real=0.00s
[2025-02-03T00:23:53.532+0530][gc,start     ] GC(1) Pause Young (Concurrent Start) (Metadata GC Threshold)
[2025-02-03T00:23:53.532+0530][gc,task      ] GC(1) Using 10 workers of 10 for evacuation
[2025-02-03T00:23:53.537+0530][gc,phases    ] GC(1)   Pre Evacuate Collection Set: 0.1ms
[2025-02-03T00:23:53.537+0530][gc,phases    ] GC(1)   Evacuate Collection Set: 4.6ms
[2025-02-03T00:23:53.537+0530][gc,phases    ] GC(1)   Post Evacuate Collection Set: 0.3ms
[2025-02-03T00:23:53.537+0530][gc,phases    ] GC(1)   Other: 0.2ms
[2025-02-03T00:23:53.537+0530][gc,heap      ] GC(1) Eden regions: 23->0(49)
[2025-02-03T00:23:53.537+0530][gc,heap      ] GC(1) Survivor regions: 7->2(7)
[2025-02-03T00:23:53.537+0530][gc,heap      ] GC(1) Old regions: 2->9
[2025-02-03T00:23:53.537+0530][gc,heap      ] GC(1) Humongous regions: 0->0
[2025-02-03T00:23:53.537+0530][gc,metaspace ] GC(1) Metaspace: 20606K(21248K)->20606K(21248K) NonClass: 18080K(18432K)->18080K(18432K) Class: 2526K(2816K)->2526K(2816K)
[2025-02-03T00:23:53.537+0530][gc           ] GC(1) Pause Young (Concurrent Start) (Metadata GC Threshold) 30M->8M(1024M) 5.157ms
[2025-02-03T00:23:53.537+0530][gc,cpu       ] GC(1) User=0.02s Sys=0.00s Real=0.01s
[2025-02-03T00:23:53.537+0530][gc           ] GC(2) Concurrent Cycle
[2025-02-03T00:23:53.537+0530][gc,marking   ] GC(2) Concurrent Clear Claimed Marks
[2025-02-03T00:23:53.537+0530][gc,marking   ] GC(2) Concurrent Clear Claimed Marks 0.011ms
[2025-02-03T00:23:53.537+0530][gc,marking   ] GC(2) Concurrent Scan Root Regions
[2025-02-03T00:23:53.538+0530][gc,marking   ] GC(2) Concurrent Scan Root Regions 0.860ms
[2025-02-03T00:23:53.538+0530][gc,marking   ] GC(2) Concurrent Mark (0.902s)
[2025-02-03T00:23:53.538+0530][gc,marking   ] GC(2) Concurrent Mark From Roots
[2025-02-03T00:23:53.538+0530][gc,task      ] GC(2) Using 3 workers of 3 for marking
[2025-02-03T00:23:53.542+0530][gc,marking   ] GC(2) Concurrent Mark From Roots 3.231ms
[2025-02-03T00:23:53.542+0530][gc,marking   ] GC(2) Concurrent Preclean
[2025-02-03T00:23:53.542+0530][gc,marking   ] GC(2) Concurrent Preclean 0.074ms
[2025-02-03T00:23:53.542+0530][gc,marking   ] GC(2) Concurrent Mark (0.902s, 0.906s) 3.333ms
[2025-02-03T00:23:53.542+0530][gc,start     ] GC(2) Pause Remark
[2025-02-03T00:23:53.543+0530][gc,stringtable] GC(2) Cleaned string and symbol table, strings: 5852 processed, 0 removed, symbols: 52354 processed, 44 removed
[2025-02-03T00:23:53.543+0530][gc            ] GC(2) Pause Remark 9M->9M(1024M) 1.341ms
[2025-02-03T00:23:53.543+0530][gc,cpu        ] GC(2) User=0.01s Sys=0.00s Real=0.00s
[2025-02-03T00:23:53.543+0530][gc,marking    ] GC(2) Concurrent Rebuild Remembered Sets
[2025-02-03T00:23:53.545+0530][gc,marking    ] GC(2) Concurrent Rebuild Remembered Sets 1.949ms
[2025-02-03T00:23:53.545+0530][gc,start      ] GC(2) Pause Cleanup
[2025-02-03T00:23:53.545+0530][gc            ] GC(2) Pause Cleanup 9M->9M(1024M) 0.112ms
[2025-02-03T00:23:53.545+0530][gc,cpu        ] GC(2) User=0.00s Sys=0.00s Real=0.00s
[2025-02-03T00:23:53.545+0530][gc,marking    ] GC(2) Concurrent Cleanup for Next Mark
[2025-02-03T00:23:53.548+0530][gc,marking    ] GC(2) Concurrent Cleanup for Next Mark 2.639ms
[2025-02-03T00:23:53.548+0530][gc            ] GC(2) Concurrent Cycle 10.728ms
[2025-02-03T00:23:57.641+0530][gc,heap,exit  ] Heap
[2025-02-03T00:23:57.641+0530][gc,heap,exit  ]  garbage-first heap   total 1048576K, used 19839K [0x00000000c0000000, 0x0000000100000000)
[2025-02-03T00:23:57.641+0530][gc,heap,exit  ]   region size 1024K, 14 young (14336K), 2 survivors (2048K)
[2025-02-03T00:23:57.641+0530][gc,heap,exit  ]  Metaspace       used 22703K, capacity 23534K, committed 23808K, reserved 1069056K
[2025-02-03T00:23:57.641+0530][gc,heap,exit  ]   class space    used 2872K, capacity 3225K, committed 3328K, reserved 1048576K
