[2025-02-25T12:25:52.050+0530][gc,heap] Heap region size: 1M
[2025-02-25T12:25:52.059+0530][gc     ] Using G1
[2025-02-25T12:25:52.059+0530][gc,heap,coops] Heap address: 0x00000000c0000000, size: 1024 MB, Compressed Oops mode: 32-bit
[2025-02-25T12:25:52.059+0530][gc,cds       ] Mark closed archive regions in map: [0x00000000fff00000, 0x00000000fff6bff8]
[2025-02-25T12:25:52.059+0530][gc,cds       ] Mark open archive regions in map: [0x00000000ffe00000, 0x00000000ffe47ff8]
[2025-02-25T12:25:52.971+0530][gc,start     ] GC(0) Pause Young (Normal) (G1 Evacuation Pause)
[2025-02-25T12:25:52.972+0530][gc,task      ] GC(0) Using 10 workers of 10 for evacuation
[2025-02-25T12:25:52.985+0530][gc,phases    ] GC(0)   Pre Evacuate Collection Set: 0.0ms
[2025-02-25T12:25:52.985+0530][gc,phases    ] GC(0)   Evacuate Collection Set: 12.1ms
[2025-02-25T12:25:52.985+0530][gc,phases    ] GC(0)   Post Evacuate Collection Set: 0.3ms
[2025-02-25T12:25:52.985+0530][gc,phases    ] GC(0)   Other: 1.7ms
[2025-02-25T12:25:52.985+0530][gc,heap      ] GC(0) Eden regions: 51->0(44)
[2025-02-25T12:25:52.985+0530][gc,heap      ] GC(0) Survivor regions: 0->7(7)
[2025-02-25T12:25:52.985+0530][gc,heap      ] GC(0) Old regions: 2->2
[2025-02-25T12:25:52.985+0530][gc,heap      ] GC(0) Humongous regions: 0->0
[2025-02-25T12:25:52.985+0530][gc,metaspace ] GC(0) Metaspace: 15528K(16256K)->15528K(16256K) NonClass: 13578K(14080K)->13578K(14080K) Class: 1950K(2176K)->1950K(2176K)
[2025-02-25T12:25:52.985+0530][gc           ] GC(0) Pause Young (Normal) (G1 Evacuation Pause) 51M->7M(1024M) 14.207ms
[2025-02-25T12:25:52.985+0530][gc,cpu       ] GC(0) User=0.10s Sys=0.00s Real=0.01s
[2025-02-25T12:25:53.389+0530][gc,start     ] GC(1) Pause Young (Concurrent Start) (Metadata GC Threshold)
[2025-02-25T12:25:53.389+0530][gc,task      ] GC(1) Using 10 workers of 10 for evacuation
[2025-02-25T12:25:53.397+0530][gc,phases    ] GC(1)   Pre Evacuate Collection Set: 0.1ms
[2025-02-25T12:25:53.397+0530][gc,phases    ] GC(1)   Evacuate Collection Set: 7.1ms
[2025-02-25T12:25:53.397+0530][gc,phases    ] GC(1)   Post Evacuate Collection Set: 0.3ms
[2025-02-25T12:25:53.397+0530][gc,phases    ] GC(1)   Other: 0.4ms
[2025-02-25T12:25:53.397+0530][gc,heap      ] GC(1) Eden regions: 21->0(49)
[2025-02-25T12:25:53.397+0530][gc,heap      ] GC(1) Survivor regions: 7->2(7)
[2025-02-25T12:25:53.397+0530][gc,heap      ] GC(1) Old regions: 2->9
[2025-02-25T12:25:53.397+0530][gc,heap      ] GC(1) Humongous regions: 0->0
[2025-02-25T12:25:53.397+0530][gc,metaspace ] GC(1) Metaspace: 20549K(21248K)->20549K(21248K) NonClass: 18015K(18432K)->18015K(18432K) Class: 2534K(2816K)->2534K(2816K)
[2025-02-25T12:25:53.397+0530][gc           ] GC(1) Pause Young (Concurrent Start) (Metadata GC Threshold) 28M->8M(1024M) 7.942ms
[2025-02-25T12:25:53.397+0530][gc,cpu       ] GC(1) User=0.03s Sys=0.00s Real=0.01s
[2025-02-25T12:25:53.397+0530][gc           ] GC(2) Concurrent Cycle
[2025-02-25T12:25:53.397+0530][gc,marking   ] GC(2) Concurrent Clear Claimed Marks
[2025-02-25T12:25:53.397+0530][gc,marking   ] GC(2) Concurrent Clear Claimed Marks 0.020ms
[2025-02-25T12:25:53.397+0530][gc,marking   ] GC(2) Concurrent Scan Root Regions
[2025-02-25T12:25:53.398+0530][gc,marking   ] GC(2) Concurrent Scan Root Regions 0.956ms
[2025-02-25T12:25:53.398+0530][gc,marking   ] GC(2) Concurrent Mark (1.351s)
[2025-02-25T12:25:53.398+0530][gc,marking   ] GC(2) Concurrent Mark From Roots
[2025-02-25T12:25:53.398+0530][gc,task      ] GC(2) Using 3 workers of 3 for marking
[2025-02-25T12:25:53.402+0530][gc,marking   ] GC(2) Concurrent Mark From Roots 3.604ms
[2025-02-25T12:25:53.402+0530][gc,marking   ] GC(2) Concurrent Preclean
[2025-02-25T12:25:53.402+0530][gc,marking   ] GC(2) Concurrent Preclean 0.098ms
[2025-02-25T12:25:53.402+0530][gc,marking   ] GC(2) Concurrent Mark (1.351s, 1.354s) 3.731ms
[2025-02-25T12:25:53.402+0530][gc,start     ] GC(2) Pause Remark
[2025-02-25T12:25:53.406+0530][gc,stringtable] GC(2) Cleaned string and symbol table, strings: 5580 processed, 0 removed, symbols: 50795 processed, 46 removed
[2025-02-25T12:25:53.406+0530][gc            ] GC(2) Pause Remark 8M->8M(1024M) 3.671ms
[2025-02-25T12:25:53.406+0530][gc,cpu        ] GC(2) User=0.01s Sys=0.00s Real=0.00s
[2025-02-25T12:25:53.406+0530][gc,marking    ] GC(2) Concurrent Rebuild Remembered Sets
[2025-02-25T12:25:53.408+0530][gc,marking    ] GC(2) Concurrent Rebuild Remembered Sets 2.148ms
[2025-02-25T12:25:53.408+0530][gc,start      ] GC(2) Pause Cleanup
[2025-02-25T12:25:53.409+0530][gc            ] GC(2) Pause Cleanup 8M->8M(1024M) 0.209ms
[2025-02-25T12:25:53.409+0530][gc,cpu        ] GC(2) User=0.00s Sys=0.00s Real=0.00s
[2025-02-25T12:25:53.409+0530][gc,marking    ] GC(2) Concurrent Cleanup for Next Mark
[2025-02-25T12:25:53.413+0530][gc,marking    ] GC(2) Concurrent Cleanup for Next Mark 4.596ms
[2025-02-25T12:25:53.413+0530][gc            ] GC(2) Concurrent Cycle 15.916ms
[2025-02-25T12:25:54.082+0530][gc,start      ] GC(3) Pause Young (Normal) (G1 Evacuation Pause)
[2025-02-25T12:25:54.082+0530][gc,task       ] GC(3) Using 10 workers of 10 for evacuation
[2025-02-25T12:25:54.088+0530][gc,phases     ] GC(3)   Pre Evacuate Collection Set: 0.0ms
[2025-02-25T12:25:54.088+0530][gc,phases     ] GC(3)   Evacuate Collection Set: 4.8ms
[2025-02-25T12:25:54.088+0530][gc,phases     ] GC(3)   Post Evacuate Collection Set: 0.3ms
[2025-02-25T12:25:54.088+0530][gc,phases     ] GC(3)   Other: 0.3ms
[2025-02-25T12:25:54.088+0530][gc,heap       ] GC(3) Eden regions: 49->0(45)
[2025-02-25T12:25:54.088+0530][gc,heap       ] GC(3) Survivor regions: 2->6(7)
[2025-02-25T12:25:54.088+0530][gc,heap       ] GC(3) Old regions: 9->9
[2025-02-25T12:25:54.088+0530][gc,heap       ] GC(3) Humongous regions: 129->129
[2025-02-25T12:25:54.088+0530][gc,metaspace  ] GC(3) Metaspace: 29559K(30848K)->29559K(30848K) NonClass: 26051K(26880K)->26051K(26880K) Class: 3508K(3968K)->3508K(3968K)
[2025-02-25T12:25:54.088+0530][gc            ] GC(3) Pause Young (Normal) (G1 Evacuation Pause) 186M->141M(1024M) 5.905ms
[2025-02-25T12:25:54.088+0530][gc,cpu        ] GC(3) User=0.03s Sys=0.00s Real=0.01s
[2025-02-25T12:25:54.266+0530][gc,start      ] GC(4) Pause Young (Concurrent Start) (Metadata GC Threshold)
[2025-02-25T12:25:54.266+0530][gc,task       ] GC(4) Using 10 workers of 10 for evacuation
[2025-02-25T12:25:54.279+0530][gc,phases     ] GC(4)   Pre Evacuate Collection Set: 0.1ms
[2025-02-25T12:25:54.279+0530][gc,phases     ] GC(4)   Evacuate Collection Set: 12.1ms
[2025-02-25T12:25:54.279+0530][gc,phases     ] GC(4)   Post Evacuate Collection Set: 0.5ms
[2025-02-25T12:25:54.279+0530][gc,phases     ] GC(4)   Other: 0.2ms
[2025-02-25T12:25:54.279+0530][gc,heap       ] GC(4) Eden regions: 21->0(49)
[2025-02-25T12:25:54.279+0530][gc,heap       ] GC(4) Survivor regions: 6->2(7)
[2025-02-25T12:25:54.279+0530][gc,heap       ] GC(4) Old regions: 9->14
[2025-02-25T12:25:54.279+0530][gc,heap       ] GC(4) Humongous regions: 129->129
[2025-02-25T12:25:54.279+0530][gc,metaspace  ] GC(4) Metaspace: 34222K(35628K)->34222K(35628K) NonClass: 30150K(30892K)->30150K(30892K) Class: 4072K(4736K)->4072K(4736K)
[2025-02-25T12:25:54.279+0530][gc            ] GC(4) Pause Young (Concurrent Start) (Metadata GC Threshold) 162M->142M(1024M) 12.981ms
[2025-02-25T12:25:54.279+0530][gc,cpu        ] GC(4) User=0.04s Sys=0.00s Real=0.02s
[2025-02-25T12:25:54.279+0530][gc            ] GC(5) Concurrent Cycle
[2025-02-25T12:25:54.279+0530][gc,marking    ] GC(5) Concurrent Clear Claimed Marks
[2025-02-25T12:25:54.279+0530][gc,marking    ] GC(5) Concurrent Clear Claimed Marks 0.024ms
[2025-02-25T12:25:54.279+0530][gc,marking    ] GC(5) Concurrent Scan Root Regions
[2025-02-25T12:25:54.280+0530][gc,marking    ] GC(5) Concurrent Scan Root Regions 0.873ms
[2025-02-25T12:25:54.280+0530][gc,marking    ] GC(5) Concurrent Mark (2.232s)
[2025-02-25T12:25:54.280+0530][gc,marking    ] GC(5) Concurrent Mark From Roots
[2025-02-25T12:25:54.280+0530][gc,task       ] GC(5) Using 3 workers of 3 for marking
[2025-02-25T12:25:54.295+0530][gc,marking    ] GC(5) Concurrent Mark From Roots 15.472ms
[2025-02-25T12:25:54.295+0530][gc,marking    ] GC(5) Concurrent Preclean
[2025-02-25T12:25:54.295+0530][gc,marking    ] GC(5) Concurrent Preclean 0.080ms
[2025-02-25T12:25:54.295+0530][gc,marking    ] GC(5) Concurrent Mark (2.232s, 2.248s) 15.594ms
[2025-02-25T12:25:54.296+0530][gc,start      ] GC(5) Pause Remark
[2025-02-25T12:25:54.302+0530][gc,stringtable] GC(5) Cleaned string and symbol table, strings: 11236 processed, 11 removed, symbols: 82694 processed, 17 removed
[2025-02-25T12:25:54.302+0530][gc            ] GC(5) Pause Remark 145M->145M(1024M) 5.758ms
[2025-02-25T12:25:54.302+0530][gc,cpu        ] GC(5) User=0.02s Sys=0.00s Real=0.01s
[2025-02-25T12:25:54.302+0530][gc,marking    ] GC(5) Concurrent Rebuild Remembered Sets
[2025-02-25T12:25:54.307+0530][gc,marking    ] GC(5) Concurrent Rebuild Remembered Sets 5.218ms
[2025-02-25T12:25:54.307+0530][gc,start      ] GC(5) Pause Cleanup
[2025-02-25T12:25:54.307+0530][gc            ] GC(5) Pause Cleanup 145M->145M(1024M) 0.198ms
[2025-02-25T12:25:54.307+0530][gc,cpu        ] GC(5) User=0.00s Sys=0.00s Real=0.00s
[2025-02-25T12:25:54.307+0530][gc,marking    ] GC(5) Concurrent Cleanup for Next Mark
[2025-02-25T12:25:54.311+0530][gc,marking    ] GC(5) Concurrent Cleanup for Next Mark 3.340ms
[2025-02-25T12:25:54.311+0530][gc            ] GC(5) Concurrent Cycle 32.031ms
[2025-02-25T12:28:54.882+0530][gc,start      ] GC(6) Pause Young (Concurrent Start) (G1 Evacuation Pause)
[2025-02-25T12:28:54.883+0530][gc,task       ] GC(6) Using 10 workers of 10 for evacuation
[2025-02-25T12:28:54.889+0530][gc,phases     ] GC(6)   Pre Evacuate Collection Set: 0.3ms
[2025-02-25T12:28:54.889+0530][gc,phases     ] GC(6)   Evacuate Collection Set: 5.1ms
[2025-02-25T12:28:54.889+0530][gc,phases     ] GC(6)   Post Evacuate Collection Set: 0.5ms
[2025-02-25T12:28:54.889+0530][gc,phases     ] GC(6)   Other: 0.9ms
[2025-02-25T12:28:54.889+0530][gc,heap       ] GC(6) Eden regions: 49->0(46)
[2025-02-25T12:28:54.889+0530][gc,heap       ] GC(6) Survivor regions: 2->5(7)
[2025-02-25T12:28:54.889+0530][gc,heap       ] GC(6) Old regions: 14->14
[2025-02-25T12:28:54.889+0530][gc,heap       ] GC(6) Humongous regions: 129->129
[2025-02-25T12:28:54.889+0530][gc,metaspace  ] GC(6) Metaspace: 41071K(43768K)->41071K(43768K) NonClass: 35668K(37036K)->35668K(37036K) Class: 5402K(6732K)->5402K(6732K)
[2025-02-25T12:28:54.889+0530][gc            ] GC(6) Pause Young (Concurrent Start) (G1 Evacuation Pause) 191M->145M(1024M) 6.965ms
[2025-02-25T12:28:54.889+0530][gc,cpu        ] GC(6) User=0.03s Sys=0.00s Real=0.01s
[2025-02-25T12:28:54.889+0530][gc            ] GC(7) Concurrent Cycle
[2025-02-25T12:28:54.889+0530][gc,marking    ] GC(7) Concurrent Clear Claimed Marks
[2025-02-25T12:28:54.889+0530][gc,marking    ] GC(7) Concurrent Clear Claimed Marks 0.038ms
[2025-02-25T12:28:54.889+0530][gc,marking    ] GC(7) Concurrent Scan Root Regions
[2025-02-25T12:28:54.891+0530][gc,marking    ] GC(7) Concurrent Scan Root Regions 1.574ms
[2025-02-25T12:28:54.891+0530][gc,marking    ] GC(7) Concurrent Mark (182.843s)
[2025-02-25T12:28:54.891+0530][gc,marking    ] GC(7) Concurrent Mark From Roots
[2025-02-25T12:28:54.891+0530][gc,task       ] GC(7) Using 3 workers of 3 for marking
[2025-02-25T12:28:54.900+0530][gc,marking    ] GC(7) Concurrent Mark From Roots 9.149ms
[2025-02-25T12:28:54.900+0530][gc,marking    ] GC(7) Concurrent Preclean
[2025-02-25T12:28:54.900+0530][gc,marking    ] GC(7) Concurrent Preclean 0.227ms
[2025-02-25T12:28:54.900+0530][gc,marking    ] GC(7) Concurrent Mark (182.843s, 182.853s) 9.499ms
[2025-02-25T12:28:54.901+0530][gc,start      ] GC(7) Pause Remark
[2025-02-25T12:28:54.908+0530][gc,stringtable] GC(7) Cleaned string and symbol table, strings: 12516 processed, 5 removed, symbols: 89309 processed, 5 removed
[2025-02-25T12:28:54.908+0530][gc            ] GC(7) Pause Remark 145M->145M(1024M) 7.287ms
[2025-02-25T12:28:54.908+0530][gc,cpu        ] GC(7) User=0.04s Sys=0.00s Real=0.01s
[2025-02-25T12:28:54.908+0530][gc,marking    ] GC(7) Concurrent Rebuild Remembered Sets
[2025-02-25T12:28:54.912+0530][gc,marking    ] GC(7) Concurrent Rebuild Remembered Sets 3.685ms
[2025-02-25T12:28:54.912+0530][gc,start      ] GC(7) Pause Cleanup
[2025-02-25T12:28:54.912+0530][gc            ] GC(7) Pause Cleanup 145M->145M(1024M) 0.293ms
[2025-02-25T12:28:54.912+0530][gc,cpu        ] GC(7) User=0.00s Sys=0.00s Real=0.00s
[2025-02-25T12:28:54.912+0530][gc,marking    ] GC(7) Concurrent Cleanup for Next Mark
[2025-02-25T12:28:54.915+0530][gc,marking    ] GC(7) Concurrent Cleanup for Next Mark 2.080ms
[2025-02-25T12:28:54.915+0530][gc            ] GC(7) Concurrent Cycle 25.322ms
[2025-02-25T12:36:16.330+0530][gc,start      ] GC(8) Pause Young (Normal) (G1 Evacuation Pause)
[2025-02-25T12:36:16.330+0530][gc,task       ] GC(8) Using 10 workers of 10 for evacuation
[2025-02-25T12:36:16.333+0530][gc,phases     ] GC(8)   Pre Evacuate Collection Set: 0.0ms
[2025-02-25T12:36:16.333+0530][gc,phases     ] GC(8)   Evacuate Collection Set: 2.8ms
[2025-02-25T12:36:16.333+0530][gc,phases     ] GC(8)   Post Evacuate Collection Set: 0.5ms
[2025-02-25T12:36:16.333+0530][gc,phases     ] GC(8)   Other: 0.2ms
[2025-02-25T12:36:16.333+0530][gc,heap       ] GC(8) Eden regions: 46->0(46)
[2025-02-25T12:36:16.333+0530][gc,heap       ] GC(8) Survivor regions: 5->5(7)
[2025-02-25T12:36:16.333+0530][gc,heap       ] GC(8) Old regions: 14->15
[2025-02-25T12:36:16.333+0530][gc,heap       ] GC(8) Humongous regions: 129->129
[2025-02-25T12:36:16.333+0530][gc,metaspace  ] GC(8) Metaspace: 42657K(45304K)->42657K(45304K) NonClass: 37174K(38572K)->37174K(38572K) Class: 5483K(6732K)->5483K(6732K)
[2025-02-25T12:36:16.334+0530][gc            ] GC(8) Pause Young (Normal) (G1 Evacuation Pause) 191M->147M(1024M) 3.488ms
[2025-02-25T12:36:16.334+0530][gc,cpu        ] GC(8) User=0.03s Sys=0.00s Real=0.00s
[2025-02-25T12:50:34.241+0530][gc,start      ] GC(9) Pause Young (Normal) (G1 Evacuation Pause)
[2025-02-25T12:50:34.241+0530][gc,task       ] GC(9) Using 10 workers of 10 for evacuation
[2025-02-25T12:50:34.244+0530][gc,phases     ] GC(9)   Pre Evacuate Collection Set: 0.0ms
[2025-02-25T12:50:34.244+0530][gc,phases     ] GC(9)   Evacuate Collection Set: 2.6ms
[2025-02-25T12:50:34.244+0530][gc,phases     ] GC(9)   Post Evacuate Collection Set: 0.3ms
[2025-02-25T12:50:34.244+0530][gc,phases     ] GC(9)   Other: 0.1ms
[2025-02-25T12:50:34.244+0530][gc,heap       ] GC(9) Eden regions: 46->0(48)
[2025-02-25T12:50:34.244+0530][gc,heap       ] GC(9) Survivor regions: 5->3(7)
[2025-02-25T12:50:34.244+0530][gc,heap       ] GC(9) Old regions: 15->18
[2025-02-25T12:50:34.244+0530][gc,heap       ] GC(9) Humongous regions: 129->129
[2025-02-25T12:50:34.244+0530][gc,metaspace  ] GC(9) Metaspace: 42813K(45560K)->42813K(45560K) NonClass: 37330K(38828K)->37330K(38828K) Class: 5483K(6732K)->5483K(6732K)
[2025-02-25T12:50:34.245+0530][gc            ] GC(9) Pause Young (Normal) (G1 Evacuation Pause) 193M->147M(1024M) 3.146ms
[2025-02-25T12:50:34.245+0530][gc,cpu        ] GC(9) User=0.03s Sys=0.00s Real=0.00s
