[2025-02-03T00:26:08.189+0530][gc,heap] Heap region size: 1M
[2025-02-03T00:26:08.196+0530][gc     ] Using G1
[2025-02-03T00:26:08.196+0530][gc,heap,coops] Heap address: 0x00000000c0000000, size: 1024 MB, Compressed Oops mode: 32-bit
[2025-02-03T00:26:08.196+0530][gc,cds       ] Mark closed archive regions in map: [0x00000000fff00000, 0x00000000fff6bff8]
[2025-02-03T00:26:08.196+0530][gc,cds       ] Mark open archive regions in map: [0x00000000ffe00000, 0x00000000ffe47ff8]
[2025-02-03T00:26:08.788+0530][gc,start     ] GC(0) Pause Young (Normal) (G1 Evacuation Pause)
[2025-02-03T00:26:08.789+0530][gc,task      ] GC(0) Using 10 workers of 10 for evacuation
[2025-02-03T00:26:08.795+0530][gc,phases    ] GC(0)   Pre Evacuate Collection Set: 0.0ms
[2025-02-03T00:26:08.795+0530][gc,phases    ] GC(0)   Evacuate Collection Set: 5.2ms
[2025-02-03T00:26:08.795+0530][gc,phases    ] GC(0)   Post Evacuate Collection Set: 0.3ms
[2025-02-03T00:26:08.795+0530][gc,phases    ] GC(0)   Other: 0.8ms
[2025-02-03T00:26:08.795+0530][gc,heap      ] GC(0) Eden regions: 51->0(44)
[2025-02-03T00:26:08.795+0530][gc,heap      ] GC(0) Survivor regions: 0->7(7)
[2025-02-03T00:26:08.795+0530][gc,heap      ] GC(0) Old regions: 2->2
[2025-02-03T00:26:08.795+0530][gc,heap      ] GC(0) Humongous regions: 0->0
[2025-02-03T00:26:08.795+0530][gc,metaspace ] GC(0) Metaspace: 15154K(15744K)->15154K(15744K) NonClass: 13265K(13568K)->13265K(13568K) Class: 1888K(2176K)->1888K(2176K)
[2025-02-03T00:26:08.795+0530][gc           ] GC(0) Pause Young (Normal) (G1 Evacuation Pause) 51M->7M(1024M) 6.399ms
[2025-02-03T00:26:08.795+0530][gc,cpu       ] GC(0) User=0.05s Sys=0.00s Real=0.00s
[2025-02-03T00:26:09.010+0530][gc,start     ] GC(1) Pause Young (Concurrent Start) (Metadata GC Threshold)
[2025-02-03T00:26:09.010+0530][gc,task      ] GC(1) Using 10 workers of 10 for evacuation
[2025-02-03T00:26:09.018+0530][gc,phases    ] GC(1)   Pre Evacuate Collection Set: 0.1ms
[2025-02-03T00:26:09.018+0530][gc,phases    ] GC(1)   Evacuate Collection Set: 6.7ms
[2025-02-03T00:26:09.018+0530][gc,phases    ] GC(1)   Post Evacuate Collection Set: 0.3ms
[2025-02-03T00:26:09.018+0530][gc,phases    ] GC(1)   Other: 0.2ms
[2025-02-03T00:26:09.018+0530][gc,heap      ] GC(1) Eden regions: 23->0(49)
[2025-02-03T00:26:09.018+0530][gc,heap      ] GC(1) Survivor regions: 7->2(7)
[2025-02-03T00:26:09.018+0530][gc,heap      ] GC(1) Old regions: 2->9
[2025-02-03T00:26:09.018+0530][gc,heap      ] GC(1) Humongous regions: 0->0
[2025-02-03T00:26:09.018+0530][gc,metaspace ] GC(1) Metaspace: 20622K(21248K)->20622K(21248K) NonClass: 18088K(18432K)->18088K(18432K) Class: 2534K(2816K)->2534K(2816K)
[2025-02-03T00:26:09.018+0530][gc           ] GC(1) Pause Young (Concurrent Start) (Metadata GC Threshold) 30M->8M(1024M) 7.313ms
[2025-02-03T00:26:09.018+0530][gc,cpu       ] GC(1) User=0.03s Sys=0.00s Real=0.01s
[2025-02-03T00:26:09.018+0530][gc           ] GC(2) Concurrent Cycle
[2025-02-03T00:26:09.018+0530][gc,marking   ] GC(2) Concurrent Clear Claimed Marks
[2025-02-03T00:26:09.018+0530][gc,marking   ] GC(2) Concurrent Clear Claimed Marks 0.011ms
[2025-02-03T00:26:09.018+0530][gc,marking   ] GC(2) Concurrent Scan Root Regions
[2025-02-03T00:26:09.019+0530][gc,marking   ] GC(2) Concurrent Scan Root Regions 0.839ms
[2025-02-03T00:26:09.019+0530][gc,marking   ] GC(2) Concurrent Mark (0.832s)
[2025-02-03T00:26:09.019+0530][gc,marking   ] GC(2) Concurrent Mark From Roots
[2025-02-03T00:26:09.019+0530][gc,task      ] GC(2) Using 3 workers of 3 for marking
[2025-02-03T00:26:09.022+0530][gc,marking   ] GC(2) Concurrent Mark From Roots 2.863ms
[2025-02-03T00:26:09.022+0530][gc,marking   ] GC(2) Concurrent Preclean
[2025-02-03T00:26:09.022+0530][gc,marking   ] GC(2) Concurrent Preclean 0.106ms
[2025-02-03T00:26:09.022+0530][gc,marking   ] GC(2) Concurrent Mark (0.832s, 0.835s) 3.009ms
[2025-02-03T00:26:09.022+0530][gc,start     ] GC(2) Pause Remark
[2025-02-03T00:26:09.023+0530][gc,stringtable] GC(2) Cleaned string and symbol table, strings: 5854 processed, 0 removed, symbols: 52506 processed, 43 removed
[2025-02-03T00:26:09.023+0530][gc            ] GC(2) Pause Remark 9M->9M(1024M) 1.320ms
[2025-02-03T00:26:09.023+0530][gc,cpu        ] GC(2) User=0.01s Sys=0.00s Real=0.00s
[2025-02-03T00:26:09.023+0530][gc,marking    ] GC(2) Concurrent Rebuild Remembered Sets
[2025-02-03T00:26:09.025+0530][gc,marking    ] GC(2) Concurrent Rebuild Remembered Sets 1.424ms
[2025-02-03T00:26:09.025+0530][gc,start      ] GC(2) Pause Cleanup
[2025-02-03T00:26:09.025+0530][gc            ] GC(2) Pause Cleanup 9M->9M(1024M) 0.070ms
[2025-02-03T00:26:09.025+0530][gc,cpu        ] GC(2) User=0.00s Sys=0.00s Real=0.00s
[2025-02-03T00:26:09.025+0530][gc,marking    ] GC(2) Concurrent Cleanup for Next Mark
[2025-02-03T00:26:09.027+0530][gc,marking    ] GC(2) Concurrent Cleanup for Next Mark 2.356ms
[2025-02-03T00:26:09.027+0530][gc            ] GC(2) Concurrent Cycle 9.346ms
[2025-02-03T00:26:11.108+0530][gc,heap,exit  ] Heap
[2025-02-03T00:26:11.108+0530][gc,heap,exit  ]  garbage-first heap   total 1048576K, used 20142K [0x00000000c0000000, 0x0000000100000000)
[2025-02-03T00:26:11.108+0530][gc,heap,exit  ]   region size 1024K, 14 young (14336K), 2 survivors (2048K)
[2025-02-03T00:26:11.108+0530][gc,heap,exit  ]  Metaspace       used 22686K, capacity 23462K, committed 23808K, reserved 1069056K
[2025-02-03T00:26:11.108+0530][gc,heap,exit  ]   class space    used 2874K, capacity 3225K, committed 3328K, reserved 1048576K
