[2025-02-03T00:33:44.389+0530][gc,heap] Heap region size: 1M
[2025-02-03T00:33:44.397+0530][gc     ] Using G1
[2025-02-03T00:33:44.397+0530][gc,heap,coops] Heap address: 0x00000000c0000000, size: 1024 MB, Compressed Oops mode: 32-bit
[2025-02-03T00:33:44.397+0530][gc,cds       ] Mark closed archive regions in map: [0x00000000fff00000, 0x00000000fff6bff8]
[2025-02-03T00:33:44.397+0530][gc,cds       ] Mark open archive regions in map: [0x00000000ffe00000, 0x00000000ffe47ff8]
[2025-02-03T00:33:44.982+0530][gc,start     ] GC(0) Pause Young (Normal) (G1 Evacuation Pause)
[2025-02-03T00:33:44.983+0530][gc,task      ] GC(0) Using 10 workers of 10 for evacuation
[2025-02-03T00:33:44.987+0530][gc,phases    ] GC(0)   Pre Evacuate Collection Set: 0.0ms
[2025-02-03T00:33:44.987+0530][gc,phases    ] GC(0)   Evacuate Collection Set: 4.1ms
[2025-02-03T00:33:44.987+0530][gc,phases    ] GC(0)   Post Evacuate Collection Set: 0.3ms
[2025-02-03T00:33:44.987+0530][gc,phases    ] GC(0)   Other: 0.7ms
[2025-02-03T00:33:44.987+0530][gc,heap      ] GC(0) Eden regions: 51->0(44)
[2025-02-03T00:33:44.987+0530][gc,heap      ] GC(0) Survivor regions: 0->7(7)
[2025-02-03T00:33:44.987+0530][gc,heap      ] GC(0) Old regions: 2->2
[2025-02-03T00:33:44.987+0530][gc,heap      ] GC(0) Humongous regions: 0->0
[2025-02-03T00:33:44.987+0530][gc,metaspace ] GC(0) Metaspace: 15530K(16256K)->15530K(16256K) NonClass: 13577K(14080K)->13577K(14080K) Class: 1952K(2176K)->1952K(2176K)
[2025-02-03T00:33:44.987+0530][gc           ] GC(0) Pause Young (Normal) (G1 Evacuation Pause) 51M->7M(1024M) 5.185ms
[2025-02-03T00:33:44.987+0530][gc,cpu       ] GC(0) User=0.04s Sys=0.00s Real=0.01s
[2025-02-03T00:33:45.191+0530][gc,start     ] GC(1) Pause Young (Concurrent Start) (Metadata GC Threshold)
[2025-02-03T00:33:45.191+0530][gc,task      ] GC(1) Using 10 workers of 10 for evacuation
[2025-02-03T00:33:45.198+0530][gc,phases    ] GC(1)   Pre Evacuate Collection Set: 0.1ms
[2025-02-03T00:33:45.198+0530][gc,phases    ] GC(1)   Evacuate Collection Set: 5.9ms
[2025-02-03T00:33:45.198+0530][gc,phases    ] GC(1)   Post Evacuate Collection Set: 0.5ms
[2025-02-03T00:33:45.198+0530][gc,phases    ] GC(1)   Other: 0.2ms
[2025-02-03T00:33:45.198+0530][gc,heap      ] GC(1) Eden regions: 20->0(49)
[2025-02-03T00:33:45.198+0530][gc,heap      ] GC(1) Survivor regions: 7->2(7)
[2025-02-03T00:33:45.198+0530][gc,heap      ] GC(1) Old regions: 2->9
[2025-02-03T00:33:45.198+0530][gc,heap      ] GC(1) Humongous regions: 0->0
[2025-02-03T00:33:45.198+0530][gc,metaspace ] GC(1) Metaspace: 20311K(21248K)->20311K(21248K) NonClass: 17781K(18432K)->17781K(18432K) Class: 2529K(2816K)->2529K(2816K)
[2025-02-03T00:33:45.198+0530][gc           ] GC(1) Pause Young (Concurrent Start) (Metadata GC Threshold) 26M->8M(1024M) 6.799ms
[2025-02-03T00:33:45.198+0530][gc,cpu       ] GC(1) User=0.03s Sys=0.00s Real=0.01s
[2025-02-03T00:33:45.198+0530][gc           ] GC(2) Concurrent Cycle
[2025-02-03T00:33:45.198+0530][gc,marking   ] GC(2) Concurrent Clear Claimed Marks
[2025-02-03T00:33:45.198+0530][gc,marking   ] GC(2) Concurrent Clear Claimed Marks 0.124ms
[2025-02-03T00:33:45.198+0530][gc,marking   ] GC(2) Concurrent Scan Root Regions
[2025-02-03T00:33:45.199+0530][gc,marking   ] GC(2) Concurrent Scan Root Regions 1.008ms
[2025-02-03T00:33:45.199+0530][gc,marking   ] GC(2) Concurrent Mark (0.812s)
[2025-02-03T00:33:45.199+0530][gc,marking   ] GC(2) Concurrent Mark From Roots
[2025-02-03T00:33:45.199+0530][gc,task      ] GC(2) Using 3 workers of 3 for marking
[2025-02-03T00:33:45.201+0530][gc,marking   ] GC(2) Concurrent Mark From Roots 2.396ms
[2025-02-03T00:33:45.201+0530][gc,marking   ] GC(2) Concurrent Preclean
[2025-02-03T00:33:45.202+0530][gc,marking   ] GC(2) Concurrent Preclean 0.069ms
[2025-02-03T00:33:45.202+0530][gc,marking   ] GC(2) Concurrent Mark (0.812s, 0.815s) 2.491ms
[2025-02-03T00:33:45.202+0530][gc,start     ] GC(2) Pause Remark
[2025-02-03T00:33:45.203+0530][gc,stringtable] GC(2) Cleaned string and symbol table, strings: 5460 processed, 0 removed, symbols: 50133 processed, 40 removed
[2025-02-03T00:33:45.203+0530][gc            ] GC(2) Pause Remark 8M->8M(1024M) 1.185ms
[2025-02-03T00:33:45.203+0530][gc,cpu        ] GC(2) User=0.01s Sys=0.00s Real=0.00s
[2025-02-03T00:33:45.203+0530][gc,marking    ] GC(2) Concurrent Rebuild Remembered Sets
[2025-02-03T00:33:45.204+0530][gc,marking    ] GC(2) Concurrent Rebuild Remembered Sets 1.542ms
[2025-02-03T00:33:45.204+0530][gc,start      ] GC(2) Pause Cleanup
[2025-02-03T00:33:45.205+0530][gc            ] GC(2) Pause Cleanup 8M->8M(1024M) 0.100ms
[2025-02-03T00:33:45.205+0530][gc,cpu        ] GC(2) User=0.00s Sys=0.00s Real=0.00s
[2025-02-03T00:33:45.205+0530][gc,marking    ] GC(2) Concurrent Cleanup for Next Mark
[2025-02-03T00:33:45.207+0530][gc,marking    ] GC(2) Concurrent Cleanup for Next Mark 2.490ms
[2025-02-03T00:33:45.207+0530][gc            ] GC(2) Concurrent Cycle 9.260ms
[2025-02-03T00:33:49.230+0530][gc,heap,exit  ] Heap
[2025-02-03T00:33:49.230+0530][gc,heap,exit  ]  garbage-first heap   total 1048576K, used 13652K [0x00000000c0000000, 0x0000000100000000)
[2025-02-03T00:33:49.230+0530][gc,heap,exit  ]   region size 1024K, 8 young (8192K), 2 survivors (2048K)
[2025-02-03T00:33:49.230+0530][gc,heap,exit  ]  Metaspace       used 21090K, capacity 21833K, committed 21888K, reserved 1069056K
[2025-02-03T00:33:49.230+0530][gc,heap,exit  ]   class space    used 2649K, capacity 2936K, committed 2944K, reserved 1048576K
