[2025-02-03T06:48:23.495+0530][gc,heap] Heap region size: 1M
[2025-02-03T06:48:23.499+0530][gc     ] Using G1
[2025-02-03T06:48:23.499+0530][gc,heap,coops] Heap address: 0x00000000e0000000, size: 512 MB, Compressed Oops mode: 32-bit
[2025-02-03T06:48:23.500+0530][gc,cds       ] Mark closed archive regions in map: [0x00000000fff00000, 0x00000000fff6bff8]
[2025-02-03T06:48:23.500+0530][gc,cds       ] Mark open archive regions in map: [0x00000000ffe00000, 0x00000000ffe47ff8]
[2025-02-03T06:48:41.978+0530][gc,start     ] GC(0) Pause Young (Normal) (G1 Evacuation Pause)
[2025-02-03T06:48:41.979+0530][gc,task      ] GC(0) Using 10 workers of 10 for evacuation
[2025-02-03T06:48:41.985+0530][gc,phases    ] GC(0)   Pre Evacuate Collection Set: 0.0ms
[2025-02-03T06:48:41.985+0530][gc,phases    ] GC(0)   Evacuate Collection Set: 4.9ms
[2025-02-03T06:48:41.985+0530][gc,phases    ] GC(0)   Post Evacuate Collection Set: 0.4ms
[2025-02-03T06:48:41.985+0530][gc,phases    ] GC(0)   Other: 0.8ms
[2025-02-03T06:48:41.985+0530][gc,heap      ] GC(0) Eden regions: 25->0(21)
[2025-02-03T06:48:41.985+0530][gc,heap      ] GC(0) Survivor regions: 0->4(4)
[2025-02-03T06:48:41.985+0530][gc,heap      ] GC(0) Old regions: 2->4
[2025-02-03T06:48:41.985+0530][gc,heap      ] GC(0) Humongous regions: 0->0
[2025-02-03T06:48:41.985+0530][gc,metaspace ] GC(0) Metaspace: 7825K(8192K)->7825K(8192K) NonClass: 6939K(7168K)->6939K(7168K) Class: 886K(1024K)->886K(1024K)
[2025-02-03T06:48:41.985+0530][gc           ] GC(0) Pause Young (Normal) (G1 Evacuation Pause) 25M->6M(512M) 6.192ms
[2025-02-03T06:48:41.985+0530][gc,cpu       ] GC(0) User=0.04s Sys=0.01s Real=0.01s
[2025-02-03T06:56:57.187+0530][gc,heap,exit ] Heap
[2025-02-03T06:56:57.187+0530][gc,heap,exit ]  garbage-first heap   total 524288K, used 13507K [0x00000000e0000000, 0x0000000100000000)
[2025-02-03T06:56:57.187+0530][gc,heap,exit ]   region size 1024K, 12 young (12288K), 4 survivors (4096K)
[2025-02-03T06:56:57.187+0530][gc,heap,exit ]  Metaspace       used 8435K, capacity 8781K, committed 8960K, reserved 1056768K
[2025-02-03T06:56:57.187+0530][gc,heap,exit ]   class space    used 904K, capacity 1014K, committed 1024K, reserved 1048576K
