[2025-02-01T14:01:18.955+0530][gc,heap] Heap region size: 1M
[2025-02-01T14:01:18.959+0530][gc     ] Using G1
[2025-02-01T14:01:18.959+0530][gc,heap,coops] Heap address: 0x00000000e0000000, size: 512 MB, Compressed Oops mode: 32-bit
[2025-02-01T14:01:18.959+0530][gc,cds       ] Mark closed archive regions in map: [0x00000000fff00000, 0x00000000fff6bff8]
[2025-02-01T14:01:18.959+0530][gc,cds       ] Mark open archive regions in map: [0x00000000ffe00000, 0x00000000ffe47ff8]
[2025-02-01T14:01:32.532+0530][gc,start     ] GC(0) Pause Young (Normal) (G1 Evacuation Pause)
[2025-02-01T14:01:32.532+0530][gc,task      ] GC(0) Using 10 workers of 10 for evacuation
[2025-02-01T14:01:32.537+0530][gc,phases    ] GC(0)   Pre Evacuate Collection Set: 0.0ms
[2025-02-01T14:01:32.537+0530][gc,phases    ] GC(0)   Evacuate Collection Set: 4.7ms
[2025-02-01T14:01:32.537+0530][gc,phases    ] GC(0)   Post Evacuate Collection Set: 0.2ms
[2025-02-01T14:01:32.537+0530][gc,phases    ] GC(0)   Other: 0.6ms
[2025-02-01T14:01:32.537+0530][gc,heap      ] GC(0) Eden regions: 25->0(21)
[2025-02-01T14:01:32.537+0530][gc,heap      ] GC(0) Survivor regions: 0->4(4)
[2025-02-01T14:01:32.537+0530][gc,heap      ] GC(0) Old regions: 2->4
[2025-02-01T14:01:32.537+0530][gc,heap      ] GC(0) Humongous regions: 0->0
[2025-02-01T14:01:32.537+0530][gc,metaspace ] GC(0) Metaspace: 7819K(8448K)->7819K(8448K) NonClass: 6941K(7424K)->6941K(7424K) Class: 877K(1024K)->877K(1024K)
[2025-02-01T14:01:32.537+0530][gc           ] GC(0) Pause Young (Normal) (G1 Evacuation Pause) 25M->6M(512M) 5.629ms
[2025-02-01T14:01:32.537+0530][gc,cpu       ] GC(0) User=0.05s Sys=0.00s Real=0.01s
