[2025-02-02T23:18:00.198+0530][gc,heap] Heap region size: 1M
[2025-02-02T23:18:00.202+0530][gc     ] Using G1
[2025-02-02T23:18:00.202+0530][gc,heap,coops] Heap address: 0x00000000e0000000, size: 512 MB, Compressed Oops mode: 32-bit
[2025-02-02T23:18:00.202+0530][gc,cds       ] Mark closed archive regions in map: [0x00000000fff00000, 0x00000000fff6bff8]
[2025-02-02T23:18:00.202+0530][gc,cds       ] Mark open archive regions in map: [0x00000000ffe00000, 0x00000000ffe47ff8]
[2025-02-02T23:18:13.316+0530][gc,start     ] GC(0) Pause Young (Normal) (G1 Evacuation Pause)
[2025-02-02T23:18:13.316+0530][gc,task      ] GC(0) Using 10 workers of 10 for evacuation
[2025-02-02T23:18:13.322+0530][gc,phases    ] GC(0)   Pre Evacuate Collection Set: 0.0ms
[2025-02-02T23:18:13.322+0530][gc,phases    ] GC(0)   Evacuate Collection Set: 4.9ms
[2025-02-02T23:18:13.322+0530][gc,phases    ] GC(0)   Post Evacuate Collection Set: 0.3ms
[2025-02-02T23:18:13.322+0530][gc,phases    ] GC(0)   Other: 0.5ms
[2025-02-02T23:18:13.322+0530][gc,heap      ] GC(0) Eden regions: 25->0(21)
[2025-02-02T23:18:13.322+0530][gc,heap      ] GC(0) Survivor regions: 0->4(4)
[2025-02-02T23:18:13.322+0530][gc,heap      ] GC(0) Old regions: 2->4
[2025-02-02T23:18:13.322+0530][gc,heap      ] GC(0) Humongous regions: 0->0
[2025-02-02T23:18:13.322+0530][gc,metaspace ] GC(0) Metaspace: 7794K(8192K)->7794K(8192K) NonClass: 6921K(7168K)->6921K(7168K) Class: 872K(1024K)->872K(1024K)
[2025-02-02T23:18:13.322+0530][gc           ] GC(0) Pause Young (Normal) (G1 Evacuation Pause) 25M->6M(512M) 5.800ms
[2025-02-02T23:18:13.322+0530][gc,cpu       ] GC(0) User=0.05s Sys=0.01s Real=0.01s
[2025-02-03T00:21:17.620+0530][gc,heap,exit ] Heap
[2025-02-03T00:21:17.622+0530][gc,heap,exit ]  garbage-first heap   total 524288K, used 14706K [0x00000000e0000000, 0x0000000100000000)
[2025-02-03T00:21:17.622+0530][gc,heap,exit ]   region size 1024K, 13 young (13312K), 4 survivors (4096K)
[2025-02-03T00:21:17.622+0530][gc,heap,exit ]  Metaspace       used 8532K, capacity 8833K, committed 8960K, reserved 1056768K
[2025-02-03T00:21:17.622+0530][gc,heap,exit ]   class space    used 905K, capacity 1014K, committed 1024K, reserved 1048576K
