[2025-02-03T00:34:57.522+0530][gc,heap] Heap region size: 1M
[2025-02-03T00:34:57.526+0530][gc     ] Using G1
[2025-02-03T00:34:57.526+0530][gc,heap,coops] Heap address: 0x00000000e0000000, size: 512 MB, Compressed Oops mode: 32-bit
[2025-02-03T00:34:57.526+0530][gc,cds       ] Mark closed archive regions in map: [0x00000000fff00000, 0x00000000fff6bff8]
[2025-02-03T00:34:57.526+0530][gc,cds       ] Mark open archive regions in map: [0x00000000ffe00000, 0x00000000ffe47ff8]
[2025-02-03T00:34:57.820+0530][gc,heap,exit ] Heap
[2025-02-03T00:34:57.820+0530][gc,heap,exit ]  garbage-first heap   total 524288K, used 19152K [0x00000000e0000000, 0x0000000100000000)
[2025-02-03T00:34:57.820+0530][gc,heap,exit ]   region size 1024K, 19 young (19456K), 0 survivors (0K)
[2025-02-03T00:34:57.820+0530][gc,heap,exit ]  Metaspace       used 6969K, capacity 7260K, committed 7424K, reserved 1056768K
[2025-02-03T00:34:57.820+0530][gc,heap,exit ]   class space    used 796K, capacity 916K, committed 1024K, reserved 1048576K
